Component: ARM Compiler 6.16 Tool: armlink [5dfeaa00]

==============================================================================

Section Cross References

    startup_stm32h723xx.o(RESET) refers to startup_stm32h723xx.o(STACK) for __initial_sp
    startup_stm32h723xx.o(RESET) refers to startup_stm32h723xx.o(.text) for Reset_Handler
    startup_stm32h723xx.o(RESET) refers to stm32h7xx_it.o(.text.NMI_Handler) for NMI_Handler
    startup_stm32h723xx.o(RESET) refers to stm32h7xx_it.o(.text.HardFault_Handler) for HardFault_Handler
    startup_stm32h723xx.o(RESET) refers to stm32h7xx_it.o(.text.MemManage_Handler) for MemManage_Handler
    startup_stm32h723xx.o(RESET) refers to stm32h7xx_it.o(.text.BusFault_Handler) for BusFault_Handler
    startup_stm32h723xx.o(RESET) refers to stm32h7xx_it.o(.text.UsageFault_Handler) for UsageFault_Handler
    startup_stm32h723xx.o(RESET) refers to stm32h7xx_it.o(.text.SVC_Handler) for SVC_Handler
    startup_stm32h723xx.o(RESET) refers to stm32h7xx_it.o(.text.DebugMon_Handler) for DebugMon_Handler
    startup_stm32h723xx.o(RESET) refers to stm32h7xx_it.o(.text.PendSV_Handler) for PendSV_Handler
    startup_stm32h723xx.o(RESET) refers to stm32h7xx_it.o(.text.SysTick_Handler) for SysTick_Handler
    startup_stm32h723xx.o(RESET) refers to stm32h7xx_it.o(.text.FDCAN1_IT0_IRQHandler) for FDCAN1_IT0_IRQHandler
    startup_stm32h723xx.o(RESET) refers to stm32h7xx_it.o(.text.FDCAN2_IT0_IRQHandler) for FDCAN2_IT0_IRQHandler
    startup_stm32h723xx.o(RESET) refers to stm32h7xx_it.o(.text.TIM6_DAC_IRQHandler) for TIM6_DAC_IRQHandler
    startup_stm32h723xx.o(.text) refers to system_stm32h7xx.o(.text.SystemInit) for SystemInit
    startup_stm32h723xx.o(.text) refers to entry.o(.ARM.Collect$$$$00000000) for __main
    main.o(.text.leftMotorSet) refers to fdcan.o(.bss.hfdcan1) for hfdcan1
    main.o(.text.leftMotorSet) refers to bsp_fdcan.o(.text.CAN_Send_StdDataFrame) for CAN_Send_StdDataFrame
    main.o(.ARM.exidx.text.leftMotorSet) refers to main.o(.text.leftMotorSet) for [Anonymous Symbol]
    main.o(.text.rightMotorSet) refers to fdcan.o(.bss.hfdcan2) for hfdcan2
    main.o(.text.rightMotorSet) refers to bsp_fdcan.o(.text.CAN_Send_StdDataFrame) for CAN_Send_StdDataFrame
    main.o(.ARM.exidx.text.rightMotorSet) refers to main.o(.text.rightMotorSet) for [Anonymous Symbol]
    main.o(.ARM.exidx.text.leftMotorNotice) refers to main.o(.text.leftMotorNotice) for [Anonymous Symbol]
    main.o(.ARM.exidx.text.rightMotorNotice) refers to main.o(.text.rightMotorNotice) for [Anonymous Symbol]
    main.o(.text.main) refers to stm32h7xx_hal.o(.text.HAL_Init) for HAL_Init
    main.o(.text.main) refers to main.o(.text.SystemClock_Config) for SystemClock_Config
    main.o(.text.main) refers to gpio.o(.text.MX_GPIO_Init) for MX_GPIO_Init
    main.o(.text.main) refers to fdcan.o(.text.MX_FDCAN1_Init) for MX_FDCAN1_Init
    main.o(.text.main) refers to fdcan.o(.text.MX_FDCAN2_Init) for MX_FDCAN2_Init
    main.o(.text.main) refers to spi.o(.text.MX_SPI1_Init) for MX_SPI1_Init
    main.o(.text.main) refers to tim.o(.text.MX_TIM6_Init) for MX_TIM6_Init
    main.o(.text.main) refers to lcd.o(.text.LCD_Init) for LCD_Init
    main.o(.text.main) refers to lcd.o(.text.LCD_Fill) for LCD_Fill
    main.o(.text.main) refers to bsp_fdcan.o(.data.fdcan1) for fdcan1
    main.o(.text.main) refers to bsp_fdcan.o(.data.fdcan2) for fdcan2
    main.o(.text.main) refers to main.o(.data.leftMotor) for leftMotor
    main.o(.text.main) refers to mwmotor.o(.text.MWRegisterMotor) for MWRegisterMotor
    main.o(.text.main) refers to stm32h7xx_hal.o(.text.HAL_Delay) for HAL_Delay
    main.o(.text.main) refers to main.o(.data.rightMotor) for rightMotor
    main.o(.text.main) refers to mwmotor.o(.text.MWSetControllerMode) for MWSetControllerMode
    main.o(.text.main) refers to mwmotor.o(.text.MWSetAxisState) for MWSetAxisState
    main.o(.text.main) refers to mwmotor.o(.text.MWTorqueControl) for MWTorqueControl
    main.o(.text.main) refers to main.o(.bss.leftMotorTorqueFeedbackValue) for leftMotorTorqueFeedbackValue
    main.o(.text.main) refers to main.o(.bss.leftMotorTorqueFeedbackString) for leftMotorTorqueFeedbackString
    main.o(.text.main) refers to main.o(.bss.rightMotorTorqueFeedbackValue) for rightMotorTorqueFeedbackValue
    main.o(.text.main) refers to main.o(.bss.rightMotorTorqueFeedbackString) for rightMotorTorqueFeedbackString
    main.o(.text.main) refers to decoder.o(.text.convertFloatToString) for convertFloatToString
    main.o(.text.main) refers to lcd.o(.text.LCD_ShowString) for LCD_ShowString
    main.o(.ARM.exidx.text.main) refers to main.o(.text.main) for [Anonymous Symbol]
    main.o(.text.SystemClock_Config) refers to memseta.o(.text) for __aeabi_memclr4
    main.o(.text.SystemClock_Config) refers to stm32h7xx_hal_pwr_ex.o(.text.HAL_PWREx_ConfigSupply) for HAL_PWREx_ConfigSupply
    main.o(.text.SystemClock_Config) refers to stm32h7xx_hal_rcc.o(.text.HAL_RCC_OscConfig) for HAL_RCC_OscConfig
[...]
    [Anonymous Symbol]                       0x08003548   Section        0  stm32h7xx_hal_tim.o(.text.HAL_TIM_Base_Init)
    [Anonymous Symbol]                       0x080035a8   Section        0  tim.o(.text.HAL_TIM_Base_MspInit)
    [Anonymous Symbol]                       0x080035f0   Section        0  stm32h7xx_hal_tim.o(.text.HAL_TIM_Base_Start_IT)
    [Anonymous Symbol]                       0x080036b8   Section        0  stm32h7xx_hal_tim.o(.text.HAL_TIM_IC_CaptureCallback)
    [Anonymous Symbol]                       0x080036c0   Section        0  stm32h7xx_hal_tim.o(.text.HAL_TIM_IRQHandler)
    [Anonymous Symbol]                       0x08003820   Section        0  stm32h7xx_hal_tim.o(.text.HAL_TIM_OC_DelayElapsedCallback)
    [Anonymous Symbol]                       0x08003828   Section        0  stm32h7xx_hal_tim.o(.text.HAL_TIM_PWM_PulseFinishedCallback)
    [Anonymous Symbol]                       0x08003830   Section        0  main.o(.text.HAL_TIM_PeriodElapsedCallback)
    [Anonymous Symbol]                       0x080038e8   Section        0  stm32h7xx_hal_tim.o(.text.HAL_TIM_TriggerCallback)
    [Anonymous Symbol]                       0x080038f0   Section        0  stm32h7xx_it.o(.text.HardFault_Handler)
    [Anonymous Symbol]                       0x080038f8   Section        0  lcd.o(.text.LCD_Address_Set)
    [Anonymous Symbol]                       0x08003940   Section        0  lcd.o(.text.LCD_DrawPoint)
    [Anonymous Symbol]                       0x08003958   Section        0  lcd.o(.text.LCD_Fill)
    [Anonymous Symbol]                       0x080039a8   Section        0  lcd.o(.text.LCD_Init)
    [Anonymous Symbol]                       0x08003b50   Section        0  lcd.o(.text.LCD_ShowChar)
    [Anonymous Symbol]                       0x08003ca8   Section        0  lcd.o(.text.LCD_ShowString)
    [Anonymous Symbol]                       0x08003cf0   Section        0  lcd.o(.text.LCD_WR_DATA)
    [Anonymous Symbol]                       0x08003d08   Section        0  lcd.o(.text.LCD_WR_DATA8)
    [Anonymous Symbol]                       0x08003d10   Section        0  lcd.o(.text.LCD_WR_REG)
    [Anonymous Symbol]                       0x08003d40   Section        0  lcd.o(.text.LCD_Writ_Bus)
    [Anonymous Symbol]                       0x08003d88   Section        0  mwmotor.o(.text.MWRegisterMotor)
    [Anonymous Symbol]                       0x08003dd0   Section        0  mwmotor.o(.text.MWSetAxisState)
    [Anonymous Symbol]                       0x08003e18   Section        0  mwmotor.o(.text.MWSetControllerMode)
    [Anonymous Symbol]                       0x08003e68   Section        0  mwmotor.o(.text.MWTorqueControl)
    [Anonymous Symbol]                       0x08003eb0   Section        0  fdcan.o(.text.MX_FDCAN1_Init)
    [Anonymous Symbol]                       0x08003f18   Section        0  fdcan.o(.text.MX_FDCAN2_Init)
    [Anonymous Symbol]                       0x08003f90   Section        0  gpio.o(.text.MX_GPIO_Init)
    [Anonymous Symbol]                       0x08004118   Section        0  spi.o(.text.MX_SPI1_Init)
    [Anonymous Symbol]                       0x08004180   Section        0  tim.o(.text.MX_TIM6_Init)
    [Anonymous Symbol]                       0x080041e8   Section        0  stm32h7xx_it.o(.text.MemManage_Handler)
    [Anonymous Symbol]                       0x080041f0   Section        0  stm32h7xx_it.o(.text.NMI_Handler)
    NVIC_EncodePriority                      0x080041f9   Thumb Code    46  stm32h7xx_hal_cortex.o(.text.NVIC_EncodePriority)
    [Anonymous Symbol]                       0x080041f8   Section        0  stm32h7xx_hal_cortex.o(.text.NVIC_EncodePriority)
    [Anonymous Symbol]                       0x08004228   Section        0  stm32h7xx_it.o(.text.PendSV_Handler)
    RCCEx_PLL2_Config                        0x08004231   Thumb Code   286  stm32h7xx_hal_rcc_ex.o(.text.RCCEx_PLL2_Config)
    [Anonymous Symbol]                       0x08004230   Section        0  stm32h7xx_hal_rcc_ex.o(.text.RCCEx_PLL2_Config)
    RCCEx_PLL3_Config                        0x08004351   Thumb Code   286  stm32h7xx_hal_rcc_ex.o(.text.RCCEx_PLL3_Config)
    [Anonymous Symbol]                       0x08004350   Section        0  stm32h7xx_hal_rcc_ex.o(.text.RCCEx_PLL3_Config)
    SPI_CloseTransfer                        0x08004471   Thumb Code   182  stm32h7xx_hal_spi.o(.text.SPI_CloseTransfer)
    [Anonymous Symbol]                       0x08004470   Section        0  stm32h7xx_hal_spi.o(.text.SPI_CloseTransfer)
    SPI_GetPacketSize                        0x08004529   Thumb Code    18  stm32h7xx_hal_spi.o(.text.SPI_GetPacketSize)
    [Anonymous Symbol]                       0x08004528   Section        0  stm32h7xx_hal_spi.o(.text.SPI_GetPacketSize)
    SPI_WaitOnFlagUntilTimeout               0x08004541   Thumb Code    46  stm32h7xx_hal_spi.o(.text.SPI_WaitOnFlagUntilTimeout)
    [Anonymous Symbol]                       0x08004540   Section        0  stm32h7xx_hal_spi.o(.text.SPI_WaitOnFlagUntilTimeout)
    [Anonymous Symbol]                       0x08004570   Section        0  stm32h7xx_it.o(.text.SVC_Handler)
    SysTick_Config                           0x08004579   Thumb Code    46  stm32h7xx_hal_cortex.o(.text.SysTick_Config)
    [Anonymous Symbol]                       0x08004578   Section        0  stm32h7xx_hal_cortex.o(.text.SysTick_Config)
    [Anonymous Symbol]                       0x080045a8   Section        0  stm32h7xx_it.o(.text.SysTick_Handler)
    [Anonymous Symbol]                       0x080045b0   Section        0  main.o(.text.SystemClock_Config)
    [Anonymous Symbol]                       0x08004658   Section        0  system_stm32h7xx.o(.text.SystemInit)
    [Anonymous Symbol]                       0x08004708   Section        0  stm32h7xx_it.o(.text.TIM6_DAC_IRQHandler)
    [Anonymous Symbol]                       0x08004718   Section        0  stm32h7xx_hal_tim.o(.text.TIM_Base_SetConfig)
    [Anonymous Symbol]                       0x08004880   Section        0  stm32h7xx_it.o(.text.UsageFault_Handler)
    __NVIC_EnableIRQ                         0x08004889   Thumb Code    32  stm32h7xx_hal_cortex.o(.text.__NVIC_EnableIRQ)
    [Anonymous Symbol]                       0x08004888   Section        0  stm32h7xx_hal_cortex.o(.text.__NVIC_EnableIRQ)
    __NVIC_GetPriorityGrouping               0x080048a9   Thumb Code    16  stm32h7xx_hal_cortex.o(.text.__NVIC_GetPriorityGrouping)
    [Anonymous Symbol]                       0x080048a8   Section        0  stm32h7xx_hal_cortex.o(.text.__NVIC_GetPriorityGrouping)
    __NVIC_SetPriority                       0x080048b9   Thumb Code    34  stm32h7xx_hal_cortex.o(.text.__NVIC_SetPriority)
    [Anonymous Symbol]                       0x080048b8   Section        0  stm32h7xx_hal_cortex.o(.text.__NVIC_SetPriority)
    __NVIC_SetPriorityGrouping               0x080048e1   Thumb Code    32  stm32h7xx_hal_cortex.o(.text.__NVIC_SetPriorityGrouping)
    [Anonymous Symbol]                       0x080048e0   Section        0  stm32h7xx_hal_cortex.o(.text.__NVIC_SetPriorityGrouping)
    [Anonymous Symbol]                       0x08004900   Section        0  decoder.o(.text.convertFloatToString)
    [Anonymous Symbol]                       0x08004920   Section        0  decoder.o(.text.convertUint8ArrayToUint32)
    [Anonymous Symbol]                       0x08004928   Section        0  decoder.o(.text.getFloat)
    [Anonymous Symbol]                       0x080049b0   Section        0  main.o(.text.leftMotorNotice)
    [Anonymous Symbol]                       0x080049b8   Section        0  main.o(.text.leftMotorSet)
    [Anonymous Symbol]                       0x080049d8   Section        0  main.o(.text.main)
    [Anonymous Symbol]                       0x08004c08   Section        0  main.o(.text.rightMotorNotice)
    [Anonymous Symbol]                       0x08004c10   Section        0  main.o(.text.rightMotorSet)
    [Anonymous Symbol]                       0x08004c30   Section        0  bsp_fdcan.o(.text.update_RXFIFO_Status)
    [Anonymous Symbol]                       0x08004c78   Section        0  bsp.o(.text.user_Assert)
    i.__0printf                              0x08004cb0   Section        0  printfa.o(i.__0printf)
    i.__0sprintf                             0x08004cd0   Section        0  printfa.o(i.__0sprintf)
    i.__ARM_fpclassifyf                      0x08004cf8   Section        0  fpclassifyf.o(i.__ARM_fpclassifyf)
    i.__hardfp_exp2f                         0x08004d20   Section        0  exp2f.o(i.__hardfp_exp2f)
    i.__hardfp_ldexpf                        0x08004ee8   Section        0  ldexpf.o(i.__hardfp_ldexpf)
    i.__hardfp_powf                          0x08004f78   Section        0  powf.o(i.__hardfp_powf)
    i.__mathlib_flt_divzero                  0x080055dc   Section        0  funder.o(i.__mathlib_flt_divzero)
    i.__mathlib_flt_infnan                   0x080055f0   Section        0  funder.o(i.__mathlib_flt_infnan)
    i.__mathlib_flt_infnan2                  0x080055f6   Section        0  funder.o(i.__mathlib_flt_infnan2)
    i.__mathlib_flt_invalid                  0x080055fc   Section        0  funder.o(i.__mathlib_flt_invalid)
    i.__mathlib_flt_overflow                 0x0800560c   Section        0  funder.o(i.__mathlib_flt_overflow)
    i.__mathlib_flt_underflow                0x0800561c   Section        0  funder.o(i.__mathlib_flt_underflow)
    i.__scatterload_copy                     0x0800562c   Section       14  handlers.o(i.__scatterload_copy)
    i.__scatterload_null                     0x0800563a   Section        2  handlers.o(i.__scatterload_null)
    i.__scatterload_zeroinit                 0x0800563c   Section       14  handlers.o(i.__scatterload_zeroinit)
    i.__set_errno                            0x0800564c   Section        0  errno.o(i.__set_errno)
    _fp_digits                               0x08005659   Thumb Code   366  printfa.o(i._fp_digits)
    i._fp_digits                             0x08005658   Section        0  printfa.o(i._fp_digits)
    _printf_core                             0x080057dd   Thumb Code  1744  printfa.o(i._printf_core)
    i._printf_core                           0x080057dc   Section        0  printfa.o(i._printf_core)
    _printf_post_padding                     0x08005eb9   Thumb Code    36  printfa.o(i._printf_post_padding)
    i._printf_post_padding                   0x08005eb8   Section        0  printfa.o(i._printf_post_padding)
    _printf_pre_padding                      0x08005edd   Thumb Code    46  printfa.o(i._printf_pre_padding)
    i._printf_pre_padding                    0x08005edc   Section        0  printfa.o(i._printf_pre_padding)
    _sputc                                   0x08005f0b   Thumb Code    10  printfa.o(i._sputc)
    i._sputc                                 0x08005f0a   Section        0  printfa.o(i._sputc)
    i.fputc                                  0x08005f14   Section        0  fputc.o(i.fputc)
    twotokover4top                           0x08005f28   Data          16  exp2f.o(.constdata)
    .constdata                               0x08005f28   Section       48  exp2f.o(.constdata)
    twotokover4bot                           0x08005f38   Data          16  exp2f.o(.constdata)
    twotokover4all                           0x08005f48   Data          16  exp2f.o(.constdata)
    table                                    0x08005f58   Data         128  powf.o(.constdata)
    .constdata                               0x08005f58   Section      320  powf.o(.constdata)
    powersof2to1over16top                    0x08005fd8   Data          64  powf.o(.constdata)
    powersof2to1over16bot                    0x08006018   Data          64  powf.o(.constdata)
    powersof2to1over16all                    0x08006058   Data          64  powf.o(.constdata)
    .L__const.HAL_FDCAN_Init.CvtEltSize      0x08006098   Data          76  stm32h7xx_hal_fdcan.o(.rodata..L__const.HAL_FDCAN_Init.CvtEltSize)
    DLCtoBytes                               0x080094e8   Data          16  stm32h7xx_hal_fdcan.o(.rodata.cst16)
    [Anonymous Symbol]                       0x080094e8   Section        0  stm32h7xx_hal_fdcan.o(.rodata.cst16)
    .L.str                                   0x080094f8   Data          45  bsp.o(.rodata.str1.1)
    [Anonymous Symbol]                       0x080094f8   Section        0  bsp.o(.rodata.str1.1)
    .L.str                                   0x08009525   Data          19  bsp_fdcan.o(.rodata.str1.1)
    [Anonymous Symbol]                       0x08009525   Section        0  bsp_fdcan.o(.rodata.str1.1)
    .data                                    0x20000000   Section        4  stdout.o(.data)
    _errno                                   0x20000004   Data           4  errno.o(.data)
    .data                                    0x20000004   Section        4  errno.o(.data)
    HAL_RCC_FDCAN_CLK_ENABLED                0x20000090   Data           4  fdcan.o(.bss.HAL_RCC_FDCAN_CLK_ENABLED)
    [Anonymous Symbol]                       0x20000090   Section        0  fdcan.o(.bss.HAL_RCC_FDCAN_CLK_ENABLED)
    hfdcan1_RX_Filter0                       0x2000015c   Data          32  bsp_fdcan.o(.bss.hfdcan1_RX_Filter0)
    [Anonymous Symbol]                       0x2000015c   Section        0  bsp_fdcan.o(.bss.hfdcan1_RX_Filter0)
    hfdcan2_RX_Filter0                       0x20000268   Data          32  bsp_fdcan.o(.bss.hfdcan2_RX_Filter0)
    [Anonymous Symbol]                       0x20000268   Section        0  bsp_fdcan.o(.bss.hfdcan2_RX_Filter0)
    STACK                                    0x20000d00   Section     1024  startup_stm32h723xx.o(STACK)

    Global Symbols

    Symbol Name                              Value     Ov Type        Size  Object(Section)

    BuildAttributes$$THM_ISAv4$E$P$D$K$B$S$7EM$VFPv5_D16$PE$PLD8$A:L22UL41UL21$X:L11$S22US41US21$IEEE1$IW$~IW$USESV6$~STKCKD$USESV7$~SHL$OTIME$ROPI$IEEEX$EBA8$MICROLIB$REQ8$PRES8$EABIv2 0x00000000   Number         0  anon$$obj.o ABSOLUTE
    _printf_a                                0x00000000   Number         0  printfstubs.o ABSOLUTE
    _printf_c                                0x00000000   Number         0  printfstubs.o ABSOLUTE
    _printf_charcount                        0x00000000   Number         0  printfstubs.o ABSOLUTE
    _printf_d                                0x00000000   Number         0  printfstubs.o ABSOLUTE
    _printf_e                                0x00000000   Number         0  printfstubs.o ABSOLUTE
    _printf_f                                0x00000000   Number         0  printfstubs.o ABSOLUTE
    _printf_flags                            0x00000000   Number         0  printfstubs.o ABSOLUTE
    _printf_fp_dec                           0x00000000   Number         0  printfstubs.o ABSOLUTE
    _printf_fp_hex                           0x00000000   Number         0  printfstubs.o ABSOLUTE
    _printf_g                                0x00000000   Number         0  printfstubs.o ABSOLUTE
    _printf_i                                0x00000000   Number         0  printfstubs.o ABSOLUTE
    _printf_int_dec                          0x00000000   Number         0  printfstubs.o ABSOLUTE
    _printf_l                                0x00000000   Number         0  printfstubs.o ABSOLUTE
    _printf_lc                               0x00000000   Number         0  printfstubs.o ABSOLUTE
    _printf_ll                               0x00000000   Number         0  printfstubs.o ABSOLUTE
    _printf_lld                              0x00000000   Number         0  printfstubs.o ABSOLUTE
    _printf_lli                              0x00000000   Number         0  printfstubs.o ABSOLUTE
    _printf_llo                              0x00000000   Number         0  printfstubs.o ABSOLUTE
    _printf_llu                              0x00000000   Number         0  printfstubs.o ABSOLUTE
    _printf_llx                              0x00000000   Number         0  printfstubs.o ABSOLUTE
    _printf_longlong_dec                     0x00000000   Number         0  printfstubs.o ABSOLUTE
    _printf_longlong_hex                     0x00000000   Number         0  printfstubs.o ABSOLUTE
    _printf_longlong_oct                     0x00000000   Number         0  printfstubs.o ABSOLUTE
    _printf_ls                               0x00000000   Number         0  printfstubs.o ABSOLUTE
    _printf_mbtowc                           0x00000000   Number         0  printfstubs.o ABSOLUTE
    _printf_n                                0x00000000   Number         0  printfstubs.o ABSOLUTE
    _printf_o                                0x00000000   Number         0  printfstubs.o ABSOLUTE
    _printf_p                                0x00000000   Number         0  printfstubs.o ABSOLUTE
    _printf_percent                          0x00000000   Number         0  printfstubs.o ABSOLUTE
    _printf_pre_padding                      0x00000000   Number         0  printfstubs.o ABSOLUTE
    _printf_return_value                     0x00000000   Number         0  printfstubs.o ABSOLUTE
    _printf_s                                0x00000000   Number         0  printfstubs.o ABSOLUTE
    _printf_sizespec                         0x00000000   Number         0  printfstubs.o ABSOLUTE
    _printf_str                              0x00000000   Number         0  printfstubs.o ABSOLUTE
    _printf_truncate_signed                  0x00000000   Number         0  printfstubs.o ABSOLUTE
    _printf_truncate_unsigned                0x00000000   Number         0  printfstubs.o ABSOLUTE
    _printf_u                                0x00000000   Number         0  printfstubs.o ABSOLUTE
    _printf_wc                               0x00000000   Number         0  printfstubs.o ABSOLUTE
    _printf_wctomb                           0x00000000   Number         0  printfstubs.o ABSOLUTE
    _printf_widthprec                        0x00000000   Number         0  printfstubs.o ABSOLUTE
    _printf_x                                0x00000000   Number         0  printfstubs.o ABSOLUTE
    __cpp_initialize__aeabi_                  - Undefined Weak Reference
    __cxa_finalize                            - Undefined Weak Reference
    __decompress                              - Undefined Weak Reference
    _clock_init                               - Undefined Weak Reference
    _microlib_exit                            - Undefined Weak Reference
    __Vectors_Size                           0x000002cc   Number         0  startup_stm32h723xx.o ABSOLUTE
    __Vectors                                0x08000000   Data           4  startup_stm32h723xx.o(RESET)
    __Vectors_End                            0x080002cc   Data           0  startup_stm32h723xx.o(RESET)
    __main                                   0x080002cd   Thumb Code     0  entry.o(.ARM.Collect$$$$00000000)
    _main_stk                                0x080002cd   Thumb Code     0  entry2.o(.ARM.Collect$$$$00000001)
    _main_scatterload                        0x080002d1   Thumb Code     0  entry5.o(.ARM.Collect$$$$00000004)
    __main_after_scatterload                 0x080002d5   Thumb Code     0  entry5.o(.ARM.Collect$$$$00000004)
    _main_clock                              0x080002d5   Thumb Code     0  entry7b.o(.ARM.Collect$$$$00000008)
    _main_cpp_init                           0x080002d5   Thumb Code     0  entry8b.o(.ARM.Collect$$$$0000000A)
    _main_init                               0x080002d5   Thumb Code     0  entry9a.o(.ARM.Collect$$$$0000000B)
    __rt_final_cpp                           0x080002dd   Thumb Code     0  entry10a.o(.ARM.Collect$$$$0000000D)
    __rt_final_exit                          0x080002dd   Thumb Code     0  entry11a.o(.ARM.Collect$$$$0000000F)
    Reset_Handler                            0x080002e1   Thumb Code     8  startup_stm32h723xx.o(.text)
    ADC3_IRQHandler                          0x080002fb   Thumb Code     0  startup_stm32h723xx.o(.text)
    ADC_IRQHandler                           0x080002fb   Thumb Code     0  startup_stm32h723xx.o(.text)
    BDMA_Channel0_IRQHandler                 0x080002fb   Thumb Code     0  startup_stm32h723xx.o(.text)
    BDMA_Channel1_IRQHandler                 0x080002fb   Thumb Code     0  startup_stm32h723xx.o(.text)
    BDMA_Channel2_IRQHandler                 0x080002fb   Thumb Code     0  startup_stm32h723xx.o(.text)
    BDMA_Channel3_IRQHandler                 0x080002fb   Thumb Code     0  startup_stm32h723xx.o(.text)
    BDMA_Channel4_IRQHandler                 0x080002fb   Thumb Code     0  startup_stm32h723xx.o(.text)
    BDMA_Channel5_IRQHandler                 0x080002fb   Thumb Code     0  startup_stm32h723xx.o(.text)
    BDMA_Channel6_IRQHandler                 0x080002fb   Thumb Code     0  startup_stm32h723xx.o(.text)
    BDMA_Channel7_IRQHandler                 0x080002fb   Thumb Code     0  startup_stm32h723xx.o(.text)
    CEC_IRQHandler                           0x080002fb   Thumb Code     0  startup_stm32h723xx.o(.text)
    COMP1_IRQHandler                         0x080002fb   Thumb Code     0  startup_stm32h723xx.o(.text)
    CORDIC_IRQHandler                        0x080002fb   Thumb Code     0  startup_stm32h723xx.o(.text)
    CRS_IRQHandler                           0x080002fb   Thumb Code     0  startup_stm32h723xx.o(.text)
    DCMI_PSSI_IRQHandler                     0x080002fb   Thumb Code     0  startup_stm32h723xx.o(.text)
    DFSDM1_FLT0_IRQHandler                   0x080002fb   Thumb Code     0  startup_stm32h723xx.o(.text)
    DFSDM1_FLT1_IRQHandler                   0x080002fb   Thumb Code     0  startup_stm32h723xx.o(.text)
    DFSDM1_FLT2_IRQHandler                   0x080002fb   Thumb Code     0  startup_stm32h723xx.o(.text)
    DFSDM1_FLT3_IRQHandler                   0x080002fb   Thumb Code     0  startup_stm32h723xx.o(.text)
    DMA1_Stream0_IRQHandler                  0x080002fb   Thumb Code     0  startup_stm32h723xx.o(.text)
    DMA1_Stream1_IRQHandler                  0x080002fb   Thumb Code     0  startup_stm32h723xx.o(.text)
    DMA1_Stream2_IRQHandler                  0x080002fb   Thumb Code     0  startup_stm32h723xx.o(.text)
    DMA1_Stream3_IRQHandler                  0x080002fb   Thumb Code     0  startup_stm32h723xx.o(.text)
    DMA1_Stream4_IRQHandler                  0x080002fb   Thumb Code     0  startup_stm32h723xx.o(.text)
    DMA1_Stream5_IRQHandler                  0x080002fb   Thumb Code     0  startup_stm32h723xx.o(.text)
    DMA1_Stream6_IRQHandler                  0x080002fb   Thumb Code     0  startup_stm32h723xx.o(.text)
    DMA1_Stream7_IRQHandler                  0x080002fb   Thumb Code     0  startup_stm32h723xx.o(.text)
    DMA2D_IRQHandler                         0x080002fb   Thumb Code     0  startup_stm32h723xx.o(.text)
    DMA2_Stream0_IRQHandler                  0x080002fb   Thumb Code     0  startup_stm32h723xx.o(.text)
    DMA2_Stream1_IRQHandler                  0x080002fb   Thumb Code     0  startup_stm32h723xx.o(.text)
    DMA2_Stream2_IRQHandler                  0x080002fb   Thumb Code     0  startup_stm32h723xx.o(.text)
    DMA2_Stream3_IRQHandler                  0x080002fb   Thumb Code     0  startup_stm32h723xx.o(.text)
    DMA2_Stream4_IRQHandler                  0x080002fb   Thumb Code     0  startup_stm32h723xx.o(.text)
    DMA2_Stream5_IRQHandler                  0x080002fb   Thumb Code     0  startup_stm32h723xx.o(.text)
    DMA2_Stream6_IRQHandler                  0x080002fb   Thumb Code     0  startup_stm32h723xx.o(.text)
    DMA2_Stream7_IRQHandler                  0x080002fb   Thumb Code     0  startup_stm32h723xx.o(.text)
    DMAMUX1_OVR_IRQHandler                   0x080002fb   Thumb Code     0  startup_stm32h723xx.o(.text)
    DMAMUX2_OVR_IRQHandler                   0x080002fb   Thumb Code     0  startup_stm32h723xx.o(.text)
    DTS_IRQHandler                           0x080002fb   Thumb Code     0  startup_stm32h723xx.o(.text)
    ECC_IRQHandler                           0x080002fb   Thumb Code     0  startup_stm32h723xx.o(.text)
    ETH_IRQHandler                           0x080002fb   Thumb Code     0  startup_stm32h723xx.o(.text)
    ETH_WKUP_IRQHandler                      0x080002fb   Thumb Code     0  startup_stm32h723xx.o(.text)
    EXTI0_IRQHandler                         0x080002fb   Thumb Code     0  startup_stm32h723xx.o(.text)
    EXTI15_10_IRQHandler                     0x080002fb   Thumb Code     0  startup_stm32h723xx.o(.text)
    EXTI1_IRQHandler                         0x080002fb   Thumb Code     0  startup_stm32h723xx.o(.text)
    EXTI2_IRQHandler                         0x080002fb   Thumb Code     0  startup_stm32h723xx.o(.text)
    EXTI3_IRQHandler                         0x080002fb   Thumb Code     0  startup_stm32h723xx.o(.text)
    EXTI4_IRQHandler                         0x080002fb   Thumb Code     0  startup_stm32h723xx.o(.text)
    EXTI9_5_IRQHandler                       0x080002fb   Thumb Code     0  startup_stm32h723xx.o(.text)
    FDCAN1_IT1_IRQHandler                    0x080002fb   Thumb Code     0  startup_stm32h723xx.o(.text)
    FDCAN2_IT1_IRQHandler                    0x080002fb   Thumb Code     0  startup_stm32h723xx.o(.text)
    FDCAN3_IT0_IRQHandler                    0x080002fb   Thumb Code     0  startup_stm32h723xx.o(.text)
    FDCAN3_IT1_IRQHandler                    0x080002fb   Thumb Code     0  startup_stm32h723xx.o(.text)
    FDCAN_CAL_IRQHandler                     0x080002fb   Thumb Code     0  startup_stm32h723xx.o(.text)
    FLASH_IRQHandler                         0x080002fb   Thumb Code     0  startup_stm32h723xx.o(.text)
    FMAC_IRQHandler                          0x080002fb   Thumb Code     0  startup_stm32h723xx.o(.text)
    FMC_IRQHandler                           0x080002fb   Thumb Code     0  startup_stm32h723xx.o(.text)
    FPU_IRQHandler                           0x080002fb   Thumb Code     0  startup_stm32h723xx.o(.text)
    HSEM1_IRQHandler                         0x080002fb   Thumb Code     0  startup_stm32h723xx.o(.text)
    I2C1_ER_IRQHandler                       0x080002fb   Thumb Code     0  startup_stm32h723xx.o(.text)
    I2C1_EV_IRQHandler                       0x080002fb   Thumb Code     0  startup_stm32h723xx.o(.text)
    I2C2_ER_IRQHandler                       0x080002fb   Thumb Code     0  startup_stm32h723xx.o(.text)
    I2C2_EV_IRQHandler                       0x080002fb   Thumb Code     0  startup_stm32h723xx.o(.text)
    I2C3_ER_IRQHandler                       0x080002fb   Thumb Code     0  startup_stm32h723xx.o(.text)
    I2C3_EV_IRQHandler                       0x080002fb   Thumb Code     0  startup_stm32h723xx.o(.text)
    I2C4_ER_IRQHandler                       0x080002fb   Thumb Code     0  startup_stm32h723xx.o(.text)
    I2C4_EV_IRQHandler                       0x080002fb   Thumb Code     0  startup_stm32h723xx.o(.text)
    I2C5_ER_IRQHandler                       0x080002fb   Thumb Code     0  startup_stm32h723xx.o(.text)
    I2C5_EV_IRQHandler                       0x080002fb   Thumb Code     0  startup_stm32h723xx.o(.text)
    LPTIM1_IRQHandler                        0x080002fb   Thumb Code     0  startup_stm32h723xx.o(.text)
    LPTIM2_IRQHandler                        0x080002fb   Thumb Code     0  startup_stm32h723xx.o(.text)
    LPTIM3_IRQHandler                        0x080002fb   Thumb Code     0  startup_stm32h723xx.o(.text)
    LPTIM4_IRQHandler                        0x080002fb   Thumb Code     0  startup_stm32h723xx.o(.text)
    LPTIM5_IRQHandler                        0x080002fb   Thumb Code     0  startup_stm32h723xx.o(.text)
    LPUART1_IRQHandler                       0x080002fb   Thumb Code     0  startup_stm32h723xx.o(.text)
    LTDC_ER_IRQHandler                       0x080002fb   Thumb Code     0  startup_stm32h723xx.o(.text)
    LTDC_IRQHandler                          0x080002fb   Thumb Code     0  startup_stm32h723xx.o(.text)
    MDIOS_IRQHandler                         0x080002fb   Thumb Code     0  startup_stm32h723xx.o(.text)
    MDIOS_WKUP_IRQHandler                    0x080002fb   Thumb Code     0  startup_stm32h723xx.o(.text)
    MDMA_IRQHandler                          0x080002fb   Thumb Code     0  startup_stm32h723xx.o(.text)
    OCTOSPI1_IRQHandler                      0x080002fb   Thumb Code     0  startup_stm32h723xx.o(.text)
    OCTOSPI2_IRQHandler                      0x080002fb   Thumb Code     0  startup_stm32h723xx.o(.text)
    OTG_HS_EP1_IN_IRQHandler                 0x080002fb   Thumb Code     0  startup_stm32h723xx.o(.text)
    OTG_HS_EP1_OUT_IRQHandler                0x080002fb   Thumb Code     0  startup_stm32h723xx.o(.text)
    OTG_HS_IRQHandler                        0x080002fb   Thumb Code     0  startup_stm32h723xx.o(.text)
    OTG_HS_WKUP_IRQHandler                   0x080002fb   Thumb Code     0  startup_stm32h723xx.o(.text)
    PVD_AVD_IRQHandler                       0x080002fb   Thumb Code     0  startup_stm32h723xx.o(.text)
    RCC_IRQHandler                           0x080002fb   Thumb Code     0  startup_stm32h723xx.o(.text)
    RNG_IRQHandler                           0x080002fb   Thumb Code     0  startup_stm32h723xx.o(.text)
    RTC_Alarm_IRQHandler                     0x080002fb   Thumb Code     0  startup_stm32h723xx.o(.text)
    RTC_WKUP_IRQHandler                      0x080002fb   Thumb Code     0  startup_stm32h723xx.o(.text)
    SAI1_IRQHandler                          0x080002fb   Thumb Code     0  startup_stm32h723xx.o(.text)
    SAI4_IRQHandler                          0x080002fb   Thumb Code     0  startup_stm32h723xx.o(.text)
    SDMMC1_IRQHandler                        0x080002fb   Thumb Code     0  startup_stm32h723xx.o(.text)
    SDMMC2_IRQHandler                        0x080002fb   Thumb Code     0  startup_stm32h723xx.o(.text)
    SPDIF_RX_IRQHandler                      0x080002fb   Thumb Code     0  startup_stm32h723xx.o(.text)
    SPI1_IRQHandler                          0x080002fb   Thumb Code     0  startup_stm32h723xx.o(.text)
    SPI2_IRQHandler                          0x080002fb   Thumb Code     0  startup_stm32h723xx.o(.text)
    SPI3_IRQHandler                          0x080002fb   Thumb Code     0  startup_stm32h723xx.o(.text)
    SPI4_IRQHandler                          0x080002fb   Thumb Code     0  startup_stm32h723xx.o(.text)
    SPI5_IRQHandler                          0x080002fb   Thumb Code     0  startup_stm32h723xx.o(.text)
    SPI6_IRQHandler                          0x080002fb   Thumb Code     0  startup_stm32h723xx.o(.text)
    SWPMI1_IRQHandler                        0x080002fb   Thumb Code     0  startup_stm32h723xx.o(.text)
    TAMP_STAMP_IRQHandler                    0x080002fb   Thumb Code     0  startup_stm32h723xx.o(.text)
    TIM15_IRQHandler                         0x080002fb   Thumb Code     0  startup_stm32h723xx.o(.text)
    TIM16_IRQHandler                         0x080002fb   Thumb Code     0  startup_stm32h723xx.o(.text)
    TIM17_IRQHandler                         0x080002fb   Thumb Code     0  startup_stm32h723xx.o(.text)
    TIM1_BRK_IRQHandler                      0x080002fb   Thumb Code     0  startup_stm32h723xx.o(.text)
    TIM1_CC_IRQHandler                       0x080002fb   Thumb Code     0  startup_stm32h723xx.o(.text)
    TIM1_TRG_COM_IRQHandler                  0x080002fb   Thumb Code     0  startup_stm32h723xx.o(.text)
    TIM1_UP_IRQHandler                       0x080002fb   Thumb Code     0  startup_stm32h723xx.o(.text)
    TIM23_IRQHandler                         0x080002fb   Thumb Code     0  startup_stm32h723xx.o(.text)
    TIM24_IRQHandler                         0x080002fb   Thumb Code     0  startup_stm32h723xx.o(.text)
    TIM2_IRQHandler                          0x080002fb   Thumb Code     0  startup_stm32h723xx.o(.text)
    TIM3_IRQHandler                          0x080002fb   Thumb Code     0  startup_stm32h723xx.o(.text)
    TIM4_IRQHandler                          0x080002fb   Thumb Code     0  startup_stm32h723xx.o(.text)
    TIM5_IRQHandler                          0x080002fb   Thumb Code     0  startup_stm32h723xx.o(.text)
    TIM7_IRQHandler                          0x080002fb   Thumb Code     0  startup_stm32h723xx.o(.text)
    TIM8_BRK_TIM12_IRQHandler                0x080002fb   Thumb Code     0  startup_stm32h723xx.o(.text)
    TIM8_CC_IRQHandler                       0x080002fb   Thumb Code     0  startup_stm32h723xx.o(.text)
    TIM8_TRG_COM_TIM14_IRQHandler            0x080002fb   Thumb Code     0  startup_stm32h723xx.o(.text)
    TIM8_UP_TIM13_IRQHandler                 0x080002fb   Thumb Code     0  startup_stm32h723xx.o(.text)
    UART4_IRQHandler                         0x080002fb   Thumb Code     0  startup_stm32h723xx.o(.text)
    UART5_IRQHandler                         0x080002fb   Thumb Code     0  startup_stm32h723xx.o(.text)
    UART7_IRQHandler                         0x080002fb   Thumb Code     0  startup_stm32h723xx.o(.text)
    UART8_IRQHandler                         0x080002fb   Thumb Code     0  startup_stm32h723xx.o(.text)
    UART9_IRQHandler                         0x080002fb   Thumb Code     0  startup_stm32h723xx.o(.text)
    USART10_IRQHandler                       0x080002fb   Thumb Code     0  startup_stm32h723xx.o(.text)
    USART1_IRQHandler                        0x080002fb   Thumb Code     0  startup_stm32h723xx.o(.text)
    USART2_IRQHandler                        0x080002fb   Thumb Code     0  startup_stm32h723xx.o(.text)
    USART3_IRQHandler                        0x080002fb   Thumb Code     0  startup_stm32h723xx.o(.text)
    USART6_IRQHandler                        0x080002fb   Thumb Code     0  startup_stm32h723xx.o(.text)
    WAKEUP_PIN_IRQHandler                    0x080002fb   Thumb Code     0  startup_stm32h723xx.o(.text)
    WWDG_IRQHandler                          0x080002fb   Thumb Code     0  startup_stm32h723xx.o(.text)
    __aeabi_memset                           0x08000305   Thumb Code    14  memseta.o(.text)
    __aeabi_memset4                          0x08000305   Thumb Code     0  memseta.o(.text)
    __aeabi_memset8                          0x08000305   Thumb Code     0  memseta.o(.text)
    __aeabi_memclr                           0x08000313   Thumb Code     4  memseta.o(.text)
    __aeabi_memclr4                          0x08000313   Thumb Code     0  memseta.o(.text)
    __aeabi_memclr8                          0x08000313   Thumb Code     0  memseta.o(.text)
    _memset$wrapper                          0x08000317   Thumb Code    18  memseta.o(.text)
    __aeabi_uidiv                            0x08000329   Thumb Code     0  uidiv.o(.text)
    __aeabi_uidivmod                         0x08000329   Thumb Code    44  uidiv.o(.text)
    __aeabi_uldivmod                         0x08000355   Thumb Code    98  uldiv.o(.text)
    __ARM_scalbnf                            0x080003b7   Thumb Code    24  fscalb.o(.text)
    __I$use$fp                               0x080003b7   Thumb Code     0  iusefp.o(.text)
    scalbnf                                  0x080003b7   Thumb Code     0  fscalb.o(.text)
    __aeabi_dadd                             0x080003cf   Thumb Code   322  dadd.o(.text)
    __aeabi_dsub                             0x08000511   Thumb Code     6  dadd.o(.text)
    __aeabi_drsub                            0x08000517   Thumb Code     6  dadd.o(.text)
    __aeabi_dmul                             0x0800051d   Thumb Code   228  dmul.o(.text)
    __aeabi_ddiv                             0x08000601   Thumb Code   222  ddiv.o(.text)
    __aeabi_d2ulz                            0x080006df   Thumb Code    48  dfixul.o(.text)
    __aeabi_cdrcmple                         0x08000711   Thumb Code    48  cdrcmple.o(.text)
    __fp_status                              0x08000741   Thumb Code     4  fpstat.o(.text)
    __ieee_status                            0x08000741   Thumb Code     0  fpstat.o(.text)
    __scatterload                            0x08000745   Thumb Code    28  init.o(.text)
    __scatterload_rt2                        0x08000745   Thumb Code     0  init.o(.text)
    __aeabi_llsl                             0x08000769   Thumb Code    30  llshl.o(.text)
    __semihosting_library_function           0x08000769   Thumb Code     0  semi.o(.text)
    _ll_shift_l                              0x08000769   Thumb Code     0  llshl.o(.text)
    __aeabi_llsr                             0x08000787   Thumb Code    32  llushr.o(.text)
    _ll_ushift_r                             0x08000787   Thumb Code     0  llushr.o(.text)
    __aeabi_lasr                             0x080007a7   Thumb Code    36  llsshr.o(.text)
    _ll_sshift_r                             0x080007a7   Thumb Code     0  llsshr.o(.text)
    __I$use$semihosting$fputc                0x080007cb   Thumb Code     0  iusesemip.o(.text)
    _double_round                            0x080007cb   Thumb Code    30  depilogue.o(.text)
    _double_epilogue                         0x080007e9   Thumb Code   156  depilogue.o(.text)
    BusFault_Handler                         0x08000889   Thumb Code     2  stm32h7xx_it.o(.text.BusFault_Handler)
    CAN_Send_StdDataFrame                    0x08000891   Thumb Code    76  bsp_fdcan.o(.text.CAN_Send_StdDataFrame)
    DebugMon_Handler                         0x080008e1   Thumb Code     2  stm32h7xx_it.o(.text.DebugMon_Handler)
    Error_Handler                            0x080008e9   Thumb Code    10  main.o(.text.Error_Handler)
    FDCAN1_IT0_IRQHandler                    0x080008f9   Thumb Code    16  stm32h7xx_it.o(.text.FDCAN1_IT0_IRQHandler)
    FDCAN1_Interrupt_Init                    0x08000909   Thumb Code   104  bsp_fdcan.o(.text.FDCAN1_Interrupt_Init)
    FDCAN1_RX_Filter0_Init                   0x08000971   Thumb Code    98  bsp_fdcan.o(.text.FDCAN1_RX_Filter0_Init)
    FDCAN1_Send_Msg                          0x080009d9   Thumb Code    82  bsp_fdcan.o(.text.FDCAN1_Send_Msg)
    FDCAN1_Start                             0x08000a31   Thumb Code    16  bsp_fdcan.o(.text.FDCAN1_Start)
    FDCAN2_IT0_IRQHandler                    0x08000a41   Thumb Code    16  stm32h7xx_it.o(.text.FDCAN2_IT0_IRQHandler)
    FDCAN2_Interrupt_Init                    0x08000a51   Thumb Code   104  bsp_fdcan.o(.text.FDCAN2_Interrupt_Init)
    FDCAN2_RX_Filter0_Init                   0x08000ab9   Thumb Code    96  bsp_fdcan.o(.text.FDCAN2_RX_Filter0_Init)
    FDCAN2_Send_Msg                          0x08000b19   Thumb Code    82  bsp_fdcan.o(.text.FDCAN2_Send_Msg)
    FDCAN2_Start                             0x08000b71   Thumb Code    16  bsp_fdcan.o(.text.FDCAN2_Start)
    HAL_Delay                                0x08000dd1   Thumb Code    40  stm32h7xx_hal.o(.text.HAL_Delay)
    HAL_FDCAN_ActivateNotification           0x08000df9   Thumb Code   120  stm32h7xx_hal_fdcan.o(.text.HAL_FDCAN_ActivateNotification)
    HAL_FDCAN_AddMessageToTxFifoQ            0x08000e71   Thumb Code   102  stm32h7xx_hal_fdcan.o(.text.HAL_FDCAN_AddMessageToTxFifoQ)
    HAL_FDCAN_ClockCalibrationCallback       0x08000ed9   Thumb Code     2  stm32h7xx_hal_fdcan.o(.text.HAL_FDCAN_ClockCalibrationCallback)
    HAL_FDCAN_ConfigFilter                   0x08000ee1   Thumb Code   136  stm32h7xx_hal_fdcan.o(.text.HAL_FDCAN_ConfigFilter)
    HAL_FDCAN_ConfigGlobalFilter             0x08000f69   Thumb Code    54  stm32h7xx_hal_fdcan.o(.text.HAL_FDCAN_ConfigGlobalFilter)
    HAL_FDCAN_ConfigTxDelayCompensation      0x08000fa1   Thumb Code    36  stm32h7xx_hal_fdcan.o(.text.HAL_FDCAN_ConfigTxDelayCompensation)
    HAL_FDCAN_EnableTxDelayCompensation      0x08000fc9   Thumb Code    38  stm32h7xx_hal_fdcan.o(.text.HAL_FDCAN_EnableTxDelayCompensation)
    HAL_FDCAN_ErrorCallback                  0x08000ff1   Thumb Code     2  stm32h7xx_hal_fdcan.o(.text.HAL_FDCAN_ErrorCallback)
    HAL_FDCAN_ErrorStatusCallback            0x08000ff9   Thumb Code     2  stm32h7xx_hal_fdcan.o(.text.HAL_FDCAN_ErrorStatusCallback)
    HAL_FDCAN_GetRxMessage                   0x08001001   Thumb Code   404  stm32h7xx_hal_fdcan.o(.text.HAL_FDCAN_GetRxMessage)
    HAL_FDCAN_HighPriorityMessageCallback    0x08001199   Thumb Code     2  stm32h7xx_hal_fdcan.o(.text.HAL_FDCAN_HighPriorityMessageCallback)
    HAL_FDCAN_IRQHandler                     0x080011a1   Thumb Code   754  stm32h7xx_hal_fdcan.o(.text.HAL_FDCAN_IRQHandler)
    HAL_FDCAN_Init                           0x08001499   Thumb Code   534  stm32h7xx_hal_fdcan.o(.text.HAL_FDCAN_Init)
    HAL_FDCAN_MspInit                        0x080016b1   Thumb Code   308  fdcan.o(.text.HAL_FDCAN_MspInit)
    HAL_FDCAN_RxBufferNewMessageCallback     0x080017e9   Thumb Code     2  stm32h7xx_hal_fdcan.o(.text.HAL_FDCAN_RxBufferNewMessageCallback)
    HAL_FDCAN_RxFifo0Callback                0x080017f1   Thumb Code   108  bsp_fdcan.o(.text.HAL_FDCAN_RxFifo0Callback)
    HAL_FDCAN_RxFifo1Callback                0x08001861   Thumb Code   106  bsp_fdcan.o(.text.HAL_FDCAN_RxFifo1Callback)
    HAL_FDCAN_Start                          0x080018d1   Thumb Code    50  stm32h7xx_hal_fdcan.o(.text.HAL_FDCAN_Start)
    HAL_FDCAN_TT_GlobalTimeCallback          0x08001909   Thumb Code     2  stm32h7xx_hal_fdcan.o(.text.HAL_FDCAN_TT_GlobalTimeCallback)
    HAL_FDCAN_TT_ScheduleSyncCallback        0x08001911   Thumb Code     2  stm32h7xx_hal_fdcan.o(.text.HAL_FDCAN_TT_ScheduleSyncCallback)
    HAL_FDCAN_TT_StopWatchCallback           0x08001919   Thumb Code     2  stm32h7xx_hal_fdcan.o(.text.HAL_FDCAN_TT_StopWatchCallback)
    HAL_FDCAN_TT_TimeMarkCallback            0x08001921   Thumb Code     2  stm32h7xx_hal_fdcan.o(.text.HAL_FDCAN_TT_TimeMarkCallback)
    HAL_FDCAN_TimeoutOccurredCallback        0x08001929   Thumb Code     2  stm32h7xx_hal_fdcan.o(.text.HAL_FDCAN_TimeoutOccurredCallback)
    HAL_FDCAN_TimestampWraparoundCallback    0x08001931   Thumb Code     2  stm32h7xx_hal_fdcan.o(.text.HAL_FDCAN_TimestampWraparoundCallback)
    HAL_FDCAN_TxBufferAbortCallback          0x08001939   Thumb Code     2  stm32h7xx_hal_fdcan.o(.text.HAL_FDCAN_TxBufferAbortCallback)
    HAL_FDCAN_TxBufferCompleteCallback       0x08001941   Thumb Code     2  stm32h7xx_hal_fdcan.o(.text.HAL_FDCAN_TxBufferCompleteCallback)
    HAL_FDCAN_TxEventFifoCallback            0x08001949   Thumb Code     2  stm32h7xx_hal_fdcan.o(.text.HAL_FDCAN_TxEventFifoCallback)
    HAL_FDCAN_TxFifoEmptyCallback            0x08001951   Thumb Code     2  stm32h7xx_hal_fdcan.o(.text.HAL_FDCAN_TxFifoEmptyCallback)
    HAL_GPIO_Init                            0x08001959   Thumb Code   416  stm32h7xx_hal_gpio.o(.text.HAL_GPIO_Init)
    HAL_GPIO_WritePin                        0x08001af9   Thumb Code    10  stm32h7xx_hal_gpio.o(.text.HAL_GPIO_WritePin)
    HAL_GetTick                              0x08001b09   Thumb Code    12  stm32h7xx_hal.o(.text.HAL_GetTick)
    HAL_IncTick                              0x08001b19   Thumb Code    26  stm32h7xx_hal.o(.text.HAL_IncTick)
    HAL_Init                                 0x08001b39   Thumb Code   100  stm32h7xx_hal.o(.text.HAL_Init)
    HAL_InitTick                             0x08001ba1   Thumb Code    84  stm32h7xx_hal.o(.text.HAL_InitTick)
    HAL_MspInit                              0x08001bf9   Thumb Code    32  stm32h7xx_hal_msp.o(.text.HAL_MspInit)
    HAL_NVIC_EnableIRQ                       0x08001c19   Thumb Code     8  stm32h7xx_hal_cortex.o(.text.HAL_NVIC_EnableIRQ)
    HAL_NVIC_SetPriority                     0x08001c21   Thumb Code    30  stm32h7xx_hal_cortex.o(.text.HAL_NVIC_SetPriority)
    HAL_NVIC_SetPriorityGrouping             0x08001c41   Thumb Code     8  stm32h7xx_hal_cortex.o(.text.HAL_NVIC_SetPriorityGrouping)
    HAL_PWREx_ConfigSupply                   0x08001c49   Thumb Code    72  stm32h7xx_hal_pwr_ex.o(.text.HAL_PWREx_ConfigSupply)
    HAL_RCCEx_PeriphCLKConfig                0x08001c91   Thumb Code  2436  stm32h7xx_hal_rcc_ex.o(.text.HAL_RCCEx_PeriphCLKConfig)
    HAL_RCC_ClockConfig                      0x08002619   Thumb Code   596  stm32h7xx_hal_rcc.o(.text.HAL_RCC_ClockConfig)
    HAL_RCC_GetSysClockFreq                  0x08002871   Thumb Code   264  stm32h7xx_hal_rcc.o(.text.HAL_RCC_GetSysClockFreq)
    HAL_RCC_OscConfig                        0x08002979   Thumb Code  1562  stm32h7xx_hal_rcc.o(.text.HAL_RCC_OscConfig)
    HAL_SPI_Init                             0x08002f99   Thumb Code   392  stm32h7xx_hal_spi.o(.text.HAL_SPI_Init)
    HAL_SPI_MspInit                          0x08003121   Thumb Code   224  spi.o(.text.HAL_SPI_MspInit)
    HAL_SPI_Transmit                         0x08003201   Thumb Code   580  stm32h7xx_hal_spi.o(.text.HAL_SPI_Transmit)
    HAL_SYSTICK_Config                       0x08003449   Thumb Code     8  stm32h7xx_hal_cortex.o(.text.HAL_SYSTICK_Config)
    HAL_TIMEx_Break2Callback                 0x08003451   Thumb Code     2  stm32h7xx_hal_tim_ex.o(.text.HAL_TIMEx_Break2Callback)
    HAL_TIMEx_BreakCallback                  0x08003459   Thumb Code     2  stm32h7xx_hal_tim_ex.o(.text.HAL_TIMEx_BreakCallback)
    HAL_TIMEx_CommutCallback                 0x08003461   Thumb Code     2  stm32h7xx_hal_tim_ex.o(.text.HAL_TIMEx_CommutCallback)
    HAL_TIMEx_MasterConfigSynchronization    0x08003469   Thumb Code   224  stm32h7xx_hal_tim_ex.o(.text.HAL_TIMEx_MasterConfigSynchronization)
    HAL_TIM_Base_Init                        0x08003549   Thumb Code    96  stm32h7xx_hal_tim.o(.text.HAL_TIM_Base_Init)
    HAL_TIM_Base_MspInit                     0x080035a9   Thumb Code    68  tim.o(.text.HAL_TIM_Base_MspInit)
    HAL_TIM_Base_Start_IT                    0x080035f1   Thumb Code   198  stm32h7xx_hal_tim.o(.text.HAL_TIM_Base_Start_IT)
    HAL_TIM_IC_CaptureCallback               0x080036b9   Thumb Code     2  stm32h7xx_hal_tim.o(.text.HAL_TIM_IC_CaptureCallback)
    HAL_TIM_IRQHandler                       0x080036c1   Thumb Code   346  stm32h7xx_hal_tim.o(.text.HAL_TIM_IRQHandler)
    HAL_TIM_OC_DelayElapsedCallback          0x08003821   Thumb Code     2  stm32h7xx_hal_tim.o(.text.HAL_TIM_OC_DelayElapsedCallback)
    HAL_TIM_PWM_PulseFinishedCallback        0x08003829   Thumb Code     2  stm32h7xx_hal_tim.o(.text.HAL_TIM_PWM_PulseFinishedCallback)
    HAL_TIM_PeriodElapsedCallback            0x08003831   Thumb Code   184  main.o(.text.HAL_TIM_PeriodElapsedCallback)
    HAL_TIM_TriggerCallback                  0x080038e9   Thumb Code     2  stm32h7xx_hal_tim.o(.text.HAL_TIM_TriggerCallback)
    HardFault_Handler                        0x080038f1   Thumb Code     2  stm32h7xx_it.o(.text.HardFault_Handler)
    LCD_Address_Set                          0x080038f9   Thumb Code    66  lcd.o(.text.LCD_Address_Set)
    LCD_DrawPoint                            0x08003941   Thumb Code    20  lcd.o(.text.LCD_DrawPoint)
    LCD_Fill                                 0x08003959   Thumb Code    78  lcd.o(.text.LCD_Fill)
    LCD_Init                                 0x080039a9   Thumb Code   420  lcd.o(.text.LCD_Init)
    LCD_ShowChar                             0x08003b51   Thumb Code   338  lcd.o(.text.LCD_ShowChar)
    LCD_ShowString                           0x08003ca9   Thumb Code    68  lcd.o(.text.LCD_ShowString)
    LCD_WR_DATA                              0x08003cf1   Thumb Code    18  lcd.o(.text.LCD_WR_DATA)
    LCD_WR_DATA8                             0x08003d09   Thumb Code     8  lcd.o(.text.LCD_WR_DATA8)
    LCD_WR_REG                               0x08003d11   Thumb Code    44  lcd.o(.text.LCD_WR_REG)
    LCD_Writ_Bus                             0x08003d41   Thumb Code    66  lcd.o(.text.LCD_Writ_Bus)
    MWRegisterMotor                          0x08003d89   Thumb Code    66  mwmotor.o(.text.MWRegisterMotor)
    MWSetAxisState                           0x08003dd1   Thumb Code    68  mwmotor.o(.text.MWSetAxisState)
    MWSetControllerMode                      0x08003e19   Thumb Code    74  mwmotor.o(.text.MWSetControllerMode)
    MWTorqueControl                          0x08003e69   Thumb Code    66  mwmotor.o(.text.MWTorqueControl)
    MX_FDCAN1_Init                           0x08003eb1   Thumb Code   102  fdcan.o(.text.MX_FDCAN1_Init)
    MX_FDCAN2_Init                           0x08003f19   Thumb Code   114  fdcan.o(.text.MX_FDCAN2_Init)
    MX_GPIO_Init                             0x08003f91   Thumb Code   390  gpio.o(.text.MX_GPIO_Init)
    MX_SPI1_Init                             0x08004119   Thumb Code   100  spi.o(.text.MX_SPI1_Init)
    MX_TIM6_Init                             0x08004181   Thumb Code    98  tim.o(.text.MX_TIM6_Init)
    MemManage_Handler                        0x080041e9   Thumb Code     2  stm32h7xx_it.o(.text.MemManage_Handler)
    NMI_Handler                              0x080041f1   Thumb Code     2  stm32h7xx_it.o(.text.NMI_Handler)
    PendSV_Handler                           0x08004229   Thumb Code     2  stm32h7xx_it.o(.text.PendSV_Handler)
    SVC_Handler                              0x08004571   Thumb Code     2  stm32h7xx_it.o(.text.SVC_Handler)
    SysTick_Handler                          0x080045a9   Thumb Code     8  stm32h7xx_it.o(.text.SysTick_Handler)
    SystemClock_Config                       0x080045b1   Thumb Code   166  main.o(.text.SystemClock_Config)
    SystemInit                               0x08004659   Thumb Code   176  system_stm32h7xx.o(.text.SystemInit)
    TIM6_DAC_IRQHandler                      0x08004709   Thumb Code    16  stm32h7xx_it.o(.text.TIM6_DAC_IRQHandler)
    TIM_Base_SetConfig                       0x08004719   Thumb Code   354  stm32h7xx_hal_tim.o(.text.TIM_Base_SetConfig)
    UsageFault_Handler                       0x08004881   Thumb Code     2  stm32h7xx_it.o(.text.UsageFault_Handler)
    convertFloatToString                     0x08004901   Thumb Code    20  decoder.o(.text.convertFloatToString)
    convertUint8ArrayToUint32                0x08004921   Thumb Code     4  decoder.o(.text.convertUint8ArrayToUint32)
    getFloat                                 0x08004929   Thumb Code   132  decoder.o(.text.getFloat)
    leftMotorNotice                          0x080049b1   Thumb Code     2  main.o(.text.leftMotorNotice)
    leftMotorSet                             0x080049b9   Thumb Code    26  main.o(.text.leftMotorSet)
    main                                     0x080049d9   Thumb Code   524  main.o(.text.main)
    rightMotorNotice                         0x08004c09   Thumb Code     2  main.o(.text.rightMotorNotice)
    rightMotorSet                            0x08004c11   Thumb Code    26  main.o(.text.rightMotorSet)
    update_RXFIFO_Status                     0x08004c31   Thumb Code    66  bsp_fdcan.o(.text.update_RXFIFO_Status)
    user_Assert                              0x08004c79   Thumb Code    56  bsp.o(.text.user_Assert)
    __0printf                                0x08004cb1   Thumb Code    22  printfa.o(i.__0printf)
    __1printf                                0x08004cb1   Thumb Code     0  printfa.o(i.__0printf)
    __2printf                                0x08004cb1   Thumb Code     0  printfa.o(i.__0printf)
    __c89printf                              0x08004cb1   Thumb Code     0  printfa.o(i.__0printf)
    printf                                   0x08004cb1   Thumb Code     0  printfa.o(i.__0printf)
    __0sprintf                               0x08004cd1   Thumb Code    34  printfa.o(i.__0sprintf)
    __1sprintf                               0x08004cd1   Thumb Code     0  printfa.o(i.__0sprintf)
    __2sprintf                               0x08004cd1   Thumb Code     0  printfa.o(i.__0sprintf)
    __c89sprintf                             0x08004cd1   Thumb Code     0  printfa.o(i.__0sprintf)
    sprintf                                  0x08004cd1   Thumb Code     0  printfa.o(i.__0sprintf)
    __ARM_fpclassifyf                        0x08004cf9   Thumb Code    38  fpclassifyf.o(i.__ARM_fpclassifyf)
    __hardfp_exp2f                           0x08004d21   Thumb Code   406  exp2f.o(i.__hardfp_exp2f)
    __hardfp_ldexpf                          0x08004ee9   Thumb Code   142  ldexpf.o(i.__hardfp_ldexpf)
    __hardfp_powf                            0x08004f79   Thumb Code  1606  powf.o(i.__hardfp_powf)
    __mathlib_powf                           0x08004f79   Thumb Code     0  powf.o(i.__hardfp_powf)
    __mathlib_flt_divzero                    0x080055dd   Thumb Code    14  funder.o(i.__mathlib_flt_divzero)
    __mathlib_flt_infnan                     0x080055f1   Thumb Code     6  funder.o(i.__mathlib_flt_infnan)
    __mathlib_flt_infnan2                    0x080055f7   Thumb Code     6  funder.o(i.__mathlib_flt_infnan2)
    __mathlib_flt_invalid                    0x080055fd   Thumb Code    10  funder.o(i.__mathlib_flt_invalid)
    __mathlib_flt_overflow                   0x0800560d   Thumb Code    10  funder.o(i.__mathlib_flt_overflow)
    __mathlib_flt_underflow                  0x0800561d   Thumb Code    10  funder.o(i.__mathlib_flt_underflow)
    __scatterload_copy                       0x0800562d   Thumb Code    14  handlers.o(i.__scatterload_copy)
    __scatterload_null                       0x0800563b   Thumb Code     2  handlers.o(i.__scatterload_null)
    __scatterload_zeroinit                   0x0800563d   Thumb Code    14  handlers.o(i.__scatterload_zeroinit)
    __set_errno                              0x0800564d   Thumb Code     6  errno.o(i.__set_errno)
    fputc                                    0x08005f15   Thumb Code    18  fputc.o(i.fputc)
    D1CorePrescTable                         0x080060e4   Data          16  system_stm32h7xx.o(.rodata.D1CorePrescTable)
    ascii_1206                               0x080060f4   Data        1140  lcd.o(.rodata.ascii_1206)
    ascii_1608                               0x08006568   Data        1520  lcd.o(.rodata.ascii_1608)
    ascii_2412                               0x08006b58   Data        4560  lcd.o(.rodata.ascii_2412)
    ascii_3216                               0x08007d28   Data        6080  lcd.o(.rodata.ascii_3216)
    Region$$Table$$Base                      0x08009538   Number         0  anon$$obj.o(Region$$Table)
    Region$$Table$$Limit                     0x08009558   Number         0  anon$$obj.o(Region$$Table)
    __stdout                                 0x20000000   Data           4  stdout.o(.data)
    SystemCoreClock                          0x20000008   Data           4  system_stm32h7xx.o(.data.SystemCoreClock)
    SystemD2Clock                            0x2000000c   Data           4  system_stm32h7xx.o(.data.SystemD2Clock)
    fdcan1                                   0x20000010   Data          44  bsp_fdcan.o(.data.fdcan1)
    fdcan2                                   0x2000003c   Data          44  bsp_fdcan.o(.data.fdcan2)
    leftMotor                                0x20000068   Data          16  main.o(.data.leftMotor)
    rightMotor                               0x20000078   Data          16  main.o(.data.rightMotor)
    uwTickFreq                               0x20000088   Data           1  stm32h7xx_hal.o(.data.uwTickFreq)
    uwTickPrio                               0x2000008c   Data           4  stm32h7xx_hal.o(.data.uwTickPrio)
    hfdcan1                                  0x20000094   Data         160  fdcan.o(.bss.hfdcan1)
    hfdcan1_RX                               0x20000134   Data          40  bsp_fdcan.o(.bss.hfdcan1_RX)
    hfdcan1_TX                               0x2000017c   Data          36  bsp_fdcan.o(.bss.hfdcan1_TX)
    hfdcan2                                  0x200001a0   Data         160  fdcan.o(.bss.hfdcan2)
    hfdcan2_RX                               0x20000240   Data          40  bsp_fdcan.o(.bss.hfdcan2_RX)
    hfdcan2_TX                               0x20000288   Data          36  bsp_fdcan.o(.bss.hfdcan2_TX)
    hspi1                                    0x200002ac   Data         136  spi.o(.bss.hspi1)
    htim6                                    0x20000334   Data          76  tim.o(.bss.htim6)
    leftMotorData                            0x20000380   Data         160  main.o(.bss.leftMotorData)
    leftMotorRxData                          0x20000420   Data           8  main.o(.bss.leftMotorRxData)
    leftMotorTorqueFeedback                  0x20000428   Data           4  main.o(.bss.leftMotorTorqueFeedback)
    leftMotorTorqueFeedbackString            0x2000042c   Data          10  main.o(.bss.leftMotorTorqueFeedbackString)
    leftMotorTorqueFeedbackValue             0x20000438   Data           4  main.o(.bss.leftMotorTorqueFeedbackValue)
    motors                                   0x2000043c   Data        2048  mwmotor.o(.bss.motors)
    rightMotorData                           0x20000c40   Data         160  main.o(.bss.rightMotorData)
    rightMotorRxData                         0x20000ce0   Data           8  main.o(.bss.rightMotorRxData)
    rightMotorTorqueFeedback                 0x20000ce8   Data           4  main.o(.bss.rightMotorTorqueFeedback)
    rightMotorTorqueFeedbackString           0x20000cec   Data          10  main.o(.bss.rightMotorTorqueFeedbackString)
    rightMotorTorqueFeedbackValue            0x20000cf8   Data           4  main.o(.bss.rightMotorTorqueFeedbackValue)
    uwTick                                   0x20000cfc   Data           4  stm32h7xx_hal.o(.bss.uwTick)
    __initial_sp                             0x20001100   Data           0  startup_stm32h723xx.o(STACK)



==============================================================================

Memory Map of the image

  Image Entry point : 0x080002cd

  Load Region LR_IROM1 (Base: 0x08000000, Size: 0x000095e8, Max: 0x00100000, ABSOLUTE)

    Execution Region ER_IROM1 (Exec base: 0x08000000, Load base: 0x08000000, Size: 0x00009558, Max: 0x00100000, ABSOLUTE)

    Exec Addr    Load Addr    Size         Type   Attr      Idx    E Section Name        Object

    0x08000000   0x08000000   0x000002cc   Data   RO            3    RESET               startup_stm32h723xx.o
    0x080002cc   0x080002cc   0x00000000   Code   RO         1991  * .ARM.Collect$$$$00000000  mc_w.l(entry.o)
    0x080002cc   0x080002cc   0x00000004   Code   RO         2273    .ARM.Collect$$$$00000001  mc_w.l(entry2.o)
    0x080002d0   0x080002d0   0x00000004   Code   RO         2276    .ARM.Collect$$$$00000004  mc_w.l(entry5.o)
    0x080002d4   0x080002d4   0x00000000   Code   RO         2278    .ARM.Collect$$$$00000008  mc_w.l(entry7b.o)
    0x080002d4   0x080002d4   0x00000000   Code   RO         2280    .ARM.Collect$$$$0000000A  mc_w.l(entry8b.o)
    0x080002d4   0x080002d4   0x00000008   Code   RO         2281    .ARM.Collect$$$$0000000B  mc_w.l(entry9a.o)
    0x080002dc   0x080002dc   0x00000000   Code   RO         2283    .ARM.Collect$$$$0000000D  mc_w.l(entry10a.o)
    0x080002dc   0x080002dc   0x00000000   Code   RO         2285    .ARM.Collect$$$$0000000F  mc_w.l(entry11a.o)
    0x080002dc   0x080002dc   0x00000004   Code   RO         2274    .ARM.Collect$$$$00002712  mc_w.l(entry2.o)
    0x080002e0   0x080002e0   0x00000024   Code   RO            4    .text               startup_stm32h723xx.o
    0x08000304   0x08000304   0x00000024   Code   RO         1994    .text               mc_w.l(memseta.o)
    0x08000328   0x08000328   0x0000002c   Code   RO         2301    .text               mc_w.l(uidiv.o)
    0x08000354   0x08000354   0x00000062   Code   RO         2303    .text               mc_w.l(uldiv.o)
    0x080003b6   0x080003b6   0x00000000   Code   RO         2312    .text               mc_w.l(iusefp.o)
    0x080003b6   0x080003b6   0x00000018   Code   RO         2313    .text               mf_w.l(fscalb.o)
    0x080003ce   0x080003ce   0x0000014e   Code   RO         2315    .text               mf_w.l(dadd.o)
    0x0800051c   0x0800051c   0x000000e4   Code   RO         2317    .text               mf_w.l(dmul.o)
    0x08000600   0x08000600   0x000000de   Code   RO         2319    .text               mf_w.l(ddiv.o)
    0x080006de   0x080006de   0x00000030   Code   RO         2321    .text               mf_w.l(dfixul.o)
    0x0800070e   0x0800070e   0x00000002   PAD
    0x08000710   0x08000710   0x00000030   Code   RO         2323    .text               mf_w.l(cdrcmple.o)
    0x08000740   0x08000740   0x00000004   Code   RO         2325    .text               mf_w.l(fpstat.o)
    0x08000744   0x08000744   0x00000024   Code   RO         2327    .text               mc_w.l(init.o)
    0x08000768   0x08000768   0x00000000   Code   RO         2329    .text               mc_w.l(semi.o)
    0x08000768   0x08000768   0x0000001e   Code   RO         2330    .text               mc_w.l(llshl.o)
    0x08000786   0x08000786   0x00000020   Code   RO         2332    .text               mc_w.l(llushr.o)
    0x080007a6   0x080007a6   0x00000024   Code   RO         2334    .text               mc_w.l(llsshr.o)
    0x080007ca   0x080007ca   0x00000000   Code   RO         2336    .text               mc_w.l(iusesemip.o)
    0x080007ca   0x080007ca   0x000000ba   Code   RO         2337    .text               mf_w.l(depilogue.o)
    0x08000884   0x08000884   0x00000004   PAD
    0x08000888   0x08000888   0x00000002   Code   RO          116    .text.BusFault_Handler  stm32h7xx_it.o
    0x0800088a   0x0800088a   0x00000006   PAD
    0x08000890   0x08000890   0x0000004c   Code   RO         1798    .text.CAN_Send_StdDataFrame  bsp_fdcan.o
    0x080008dc   0x080008dc   0x00000004   PAD
    0x080008e0   0x080008e0   0x00000002   Code   RO          122    .text.DebugMon_Handler  stm32h7xx_it.o
    0x080008e2   0x080008e2   0x00000006   PAD
    0x080008e8   0x080008e8   0x0000000a   Code   RO           23    .text.Error_Handler  main.o
    0x080008f2   0x080008f2   0x00000006   PAD
    0x080008f8   0x080008f8   0x00000010   Code   RO          128    .text.FDCAN1_IT0_IRQHandler  stm32h7xx_it.o
    0x08000908   0x08000908   0x00000068   Code   RO         1780    .text.FDCAN1_Interrupt_Init  bsp_fdcan.o
    0x08000970   0x08000970   0x00000062   Code   RO         1778    .text.FDCAN1_RX_Filter0_Init  bsp_fdcan.o
    0x080009d2   0x080009d2   0x00000006   PAD
    0x080009d8   0x080009d8   0x00000052   Code   RO         1782    .text.FDCAN1_Send_Msg  bsp_fdcan.o
    0x08000a2a   0x08000a2a   0x00000006   PAD
    0x08000a30   0x08000a30   0x00000010   Code   RO         1776    .text.FDCAN1_Start  bsp_fdcan.o
    0x08000a40   0x08000a40   0x00000010   Code   RO          130    .text.FDCAN2_IT0_IRQHandler  stm32h7xx_it.o
    0x08000a50   0x08000a50   0x00000068   Code   RO         1790    .text.FDCAN2_Interrupt_Init  bsp_fdcan.o
    0x08000ab8   0x08000ab8   0x00000060   Code   RO         1788    .text.FDCAN2_RX_Filter0_Init  bsp_fdcan.o
    0x08000b18   0x08000b18   0x00000052   Code   RO         1792    .text.FDCAN2_Send_Msg  bsp_fdcan.o
    0x08000b6a   0x08000b6a   0x00000006   PAD
    0x08000b70   0x08000b70   0x00000010   Code   RO         1786    .text.FDCAN2_Start  bsp_fdcan.o
    0x08000b80   0x08000b80   0x000001c8   Code   RO         1069    .text.FDCAN_CalcultateRamBlockAddresses  stm32h7xx_hal_fdcan.o
    0x08000d48   0x08000d48   0x00000086   Code   RO         1139    .text.FDCAN_CopyMessageToRAM  stm32h7xx_hal_fdcan.o
    0x08000dce   0x08000dce   0x00000002   PAD
    0x08000dd0   0x08000dd0   0x00000028   Code   RO          750    .text.HAL_Delay     stm32h7xx_hal.o
    0x08000df8   0x08000df8   0x00000078   Code   RO         1217    .text.HAL_FDCAN_ActivateNotification  stm32h7xx_hal_fdcan.o
    0x08000e70   0x08000e70   0x00000066   Code   RO         1137    .text.HAL_FDCAN_AddMessageToTxFifoQ  stm32h7xx_hal_fdcan.o
    0x08000ed6   0x08000ed6   0x00000002   PAD
    0x08000ed8   0x08000ed8   0x00000002   Code   RO         1231    .text.HAL_FDCAN_ClockCalibrationCallback  stm32h7xx_hal_fdcan.o
    0x08000eda   0x08000eda   0x00000006   PAD
    0x08000ee0   0x08000ee0   0x00000088   Code   RO         1089    .text.HAL_FDCAN_ConfigFilter  stm32h7xx_hal_fdcan.o
    0x08000f68   0x08000f68   0x00000036   Code   RO         1091    .text.HAL_FDCAN_ConfigGlobalFilter  stm32h7xx_hal_fdcan.o
    0x08000f9e   0x08000f9e   0x00000002   PAD
    0x08000fa0   0x08000fa0   0x00000024   Code   RO         1121    .text.HAL_FDCAN_ConfigTxDelayCompensation  stm32h7xx_hal_fdcan.o
    0x08000fc4   0x08000fc4   0x00000004   PAD
    0x08000fc8   0x08000fc8   0x00000026   Code   RO         1123    .text.HAL_FDCAN_EnableTxDelayCompensation  stm32h7xx_hal_fdcan.o
    0x08000fee   0x08000fee   0x00000002   PAD
    0x08000ff0   0x08000ff0   0x00000002   Code   RO         1259    .text.HAL_FDCAN_ErrorCallback  stm32h7xx_hal_fdcan.o
    0x08000ff2   0x08000ff2   0x00000006   PAD
    0x08000ff8   0x08000ff8   0x00000002   Code   RO         1249    .text.HAL_FDCAN_ErrorStatusCallback  stm32h7xx_hal_fdcan.o
    0x08000ffa   0x08000ffa   0x00000006   PAD
    0x08001000   0x08001000   0x00000194   Code   RO         1149    .text.HAL_FDCAN_GetRxMessage  stm32h7xx_hal_fdcan.o
    0x08001194   0x08001194   0x00000004   PAD
    0x08001198   0x08001198   0x00000002   Code   RO         1227    .text.HAL_FDCAN_HighPriorityMessageCallback  stm32h7xx_hal_fdcan.o
    0x0800119a   0x0800119a   0x00000006   PAD
    0x080011a0   0x080011a0   0x000002f2   Code   RO         1225    .text.HAL_FDCAN_IRQHandler  stm32h7xx_hal_fdcan.o
    0x08001492   0x08001492   0x00000006   PAD
    0x08001498   0x08001498   0x00000216   Code   RO         1065    .text.HAL_FDCAN_Init  stm32h7xx_hal_fdcan.o
    0x080016ae   0x080016ae   0x00000002   PAD
    0x080016b0   0x080016b0   0x00000134   Code   RO           64    .text.HAL_FDCAN_MspInit  fdcan.o
    0x080017e4   0x080017e4   0x00000004   PAD
    0x080017e8   0x080017e8   0x00000002   Code   RO         1243    .text.HAL_FDCAN_RxBufferNewMessageCallback  stm32h7xx_hal_fdcan.o
    0x080017ea   0x080017ea   0x00000006   PAD
    0x080017f0   0x080017f0   0x0000006c   Code   RO         1794    .text.HAL_FDCAN_RxFifo0Callback  bsp_fdcan.o
    0x0800185c   0x0800185c   0x00000004   PAD
    0x08001860   0x08001860   0x0000006a   Code   RO         1796    .text.HAL_FDCAN_RxFifo1Callback  bsp_fdcan.o
    0x080018ca   0x080018ca   0x00000006   PAD
    0x080018d0   0x080018d0   0x00000032   Code   RO         1135    .text.HAL_FDCAN_Start  stm32h7xx_hal_fdcan.o
    0x08001902   0x08001902   0x00000006   PAD
    0x08001908   0x08001908   0x00000002   Code   RO         1257    .text.HAL_FDCAN_TT_GlobalTimeCallback  stm32h7xx_hal_fdcan.o
    0x0800190a   0x0800190a   0x00000006   PAD
    0x08001910   0x08001910   0x00000002   Code   RO         1251    .text.HAL_FDCAN_TT_ScheduleSyncCallback  stm32h7xx_hal_fdcan.o
    0x08001912   0x08001912   0x00000006   PAD
    0x08001918   0x08001918   0x00000002   Code   RO         1255    .text.HAL_FDCAN_TT_StopWatchCallback  stm32h7xx_hal_fdcan.o
    0x0800191a   0x0800191a   0x00000006   PAD
    0x08001920   0x08001920   0x00000002   Code   RO         1253    .text.HAL_FDCAN_TT_TimeMarkCallback  stm32h7xx_hal_fdcan.o
    0x08001922   0x08001922   0x00000006   PAD
    0x08001928   0x08001928   0x00000002   Code   RO         1247    .text.HAL_FDCAN_TimeoutOccurredCallback  stm32h7xx_hal_fdcan.o
    0x0800192a   0x0800192a   0x00000006   PAD
    0x08001930   0x08001930   0x00000002   Code   RO         1245    .text.HAL_FDCAN_TimestampWraparoundCallback  stm32h7xx_hal_fdcan.o
    0x08001932   0x08001932   0x00000006   PAD
    0x08001938   0x08001938   0x00000002   Code   RO         1229    .text.HAL_FDCAN_TxBufferAbortCallback  stm32h7xx_hal_fdcan.o
    0x0800193a   0x0800193a   0x00000006   PAD
    0x08001940   0x08001940   0x00000002   Code   RO         1241    .text.HAL_FDCAN_TxBufferCompleteCallback  stm32h7xx_hal_fdcan.o
    0x08001942   0x08001942   0x00000006   PAD
    0x08001948   0x08001948   0x00000002   Code   RO         1233    .text.HAL_FDCAN_TxEventFifoCallback  stm32h7xx_hal_fdcan.o
    0x0800194a   0x0800194a   0x00000006   PAD
    0x08001950   0x08001950   0x00000002   Code   RO         1239    .text.HAL_FDCAN_TxFifoEmptyCallback  stm32h7xx_hal_fdcan.o
    0x08001952   0x08001952   0x00000006   PAD
    0x08001958   0x08001958   0x000001a0   Code   RO          432    .text.HAL_GPIO_Init  stm32h7xx_hal_gpio.o
    0x08001af8   0x08001af8   0x0000000a   Code   RO          438    .text.HAL_GPIO_WritePin  stm32h7xx_hal_gpio.o
    0x08001b02   0x08001b02   0x00000006   PAD
    0x08001b08   0x08001b08   0x0000000c   Code   RO          742    .text.HAL_GetTick   stm32h7xx_hal.o
    0x08001b14   0x08001b14   0x00000004   PAD
    0x08001b18   0x08001b18   0x0000001a   Code   RO          740    .text.HAL_IncTick   stm32h7xx_hal.o
    0x08001b32   0x08001b32   0x00000006   PAD
    0x08001b38   0x08001b38   0x00000064   Code   RO          730    .text.HAL_Init      stm32h7xx_hal.o
    0x08001b9c   0x08001b9c   0x00000004   PAD
    0x08001ba0   0x08001ba0   0x00000054   Code   RO          732    .text.HAL_InitTick  stm32h7xx_hal.o
    0x08001bf4   0x08001bf4   0x00000004   PAD
    0x08001bf8   0x08001bf8   0x00000020   Code   RO          141    .text.HAL_MspInit   stm32h7xx_hal_msp.o
    0x08001c18   0x08001c18   0x00000008   Code   RO          161    .text.HAL_NVIC_EnableIRQ  stm32h7xx_hal_cortex.o
    0x08001c20   0x08001c20   0x0000001e   Code   RO          153    .text.HAL_NVIC_SetPriority  stm32h7xx_hal_cortex.o
    0x08001c3e   0x08001c3e   0x00000002   PAD
    0x08001c40   0x08001c40   0x00000008   Code   RO          149    .text.HAL_NVIC_SetPriorityGrouping  stm32h7xx_hal_cortex.o
    0x08001c48   0x08001c48   0x00000048   Code   RO          646    .text.HAL_PWREx_ConfigSupply  stm32h7xx_hal_pwr_ex.o
    0x08001c90   0x08001c90   0x00000984   Code   RO          263    .text.HAL_RCCEx_PeriphCLKConfig  stm32h7xx_hal_rcc_ex.o
    0x08002614   0x08002614   0x00000004   PAD
    0x08002618   0x08002618   0x00000254   Code   RO          231    .text.HAL_RCC_ClockConfig  stm32h7xx_hal_rcc.o
    0x0800286c   0x0800286c   0x00000004   PAD
    0x08002870   0x08002870   0x00000108   Code   RO          233    .text.HAL_RCC_GetSysClockFreq  stm32h7xx_hal_rcc.o
    0x08002978   0x08002978   0x0000061a   Code   RO          229    .text.HAL_RCC_OscConfig  stm32h7xx_hal_rcc.o
    0x08002f92   0x08002f92   0x00000006   PAD
    0x08002f98   0x08002f98   0x00000188   Code   RO         1275    .text.HAL_SPI_Init  stm32h7xx_hal_spi.o
    0x08003120   0x08003120   0x000000e0   Code   RO           82    .text.HAL_SPI_MspInit  spi.o
    0x08003200   0x08003200   0x00000244   Code   RO         1285    .text.HAL_SPI_Transmit  stm32h7xx_hal_spi.o
    0x08003444   0x08003444   0x00000004   PAD
    0x08003448   0x08003448   0x00000008   Code   RO          173    .text.HAL_SYSTICK_Config  stm32h7xx_hal_cortex.o
    0x08003450   0x08003450   0x00000002   Code   RO         1737    .text.HAL_TIMEx_Break2Callback  stm32h7xx_hal_tim_ex.o
    0x08003452   0x08003452   0x00000006   PAD
    0x08003458   0x08003458   0x00000002   Code   RO         1735    .text.HAL_TIMEx_BreakCallback  stm32h7xx_hal_tim_ex.o
    0x0800345a   0x0800345a   0x00000006   PAD
    0x08003460   0x08003460   0x00000002   Code   RO         1731    .text.HAL_TIMEx_CommutCallback  stm32h7xx_hal_tim_ex.o
    0x08003462   0x08003462   0x00000006   PAD
    0x08003468   0x08003468   0x000000e0   Code   RO         1715    .text.HAL_TIMEx_MasterConfigSynchronization  stm32h7xx_hal_tim_ex.o
    0x08003548   0x08003548   0x00000060   Code   RO         1397    .text.HAL_TIM_Base_Init  stm32h7xx_hal_tim.o
    0x080035a8   0x080035a8   0x00000044   Code   RO           97    .text.HAL_TIM_Base_MspInit  tim.o
    0x080035ec   0x080035ec   0x00000004   PAD
    0x080035f0   0x080035f0   0x000000c6   Code   RO         1411    .text.HAL_TIM_Base_Start_IT  stm32h7xx_hal_tim.o
    0x080036b6   0x080036b6   0x00000002   PAD
    0x080036b8   0x080036b8   0x00000002   Code   RO         1533    .text.HAL_TIM_IC_CaptureCallback  stm32h7xx_hal_tim.o
    0x080036ba   0x080036ba   0x00000006   PAD
    0x080036c0   0x080036c0   0x0000015a   Code   RO         1531    .text.HAL_TIM_IRQHandler  stm32h7xx_hal_tim.o
    0x0800381a   0x0800381a   0x00000006   PAD
    0x08003820   0x08003820   0x00000002   Code   RO         1535    .text.HAL_TIM_OC_DelayElapsedCallback  stm32h7xx_hal_tim.o
    0x08003822   0x08003822   0x00000006   PAD
    0x08003828   0x08003828   0x00000002   Code   RO         1537    .text.HAL_TIM_PWM_PulseFinishedCallback  stm32h7xx_hal_tim.o
    0x0800382a   0x0800382a   0x00000006   PAD
    0x08003830   0x08003830   0x000000b8   Code   RO           25    .text.HAL_TIM_PeriodElapsedCallback  main.o
    0x080038e8   0x080038e8   0x00000002   Code   RO         1541    .text.HAL_TIM_TriggerCallback  stm32h7xx_hal_tim.o
    0x080038ea   0x080038ea   0x00000006   PAD
    0x080038f0   0x080038f0   0x00000002   Code   RO          112    .text.HardFault_Handler  stm32h7xx_it.o
    0x080038f2   0x080038f2   0x00000006   PAD
    0x080038f8   0x080038f8   0x00000042   Code   RO         1825    .text.LCD_Address_Set  lcd.o
    0x0800393a   0x0800393a   0x00000006   PAD
    0x08003940   0x08003940   0x00000014   Code   RO         1829    .text.LCD_DrawPoint  lcd.o
    0x08003954   0x08003954   0x00000004   PAD
    0x08003958   0x08003958   0x0000004e   Code   RO         1827    .text.LCD_Fill      lcd.o
    0x080039a6   0x080039a6   0x00000002   PAD
    0x080039a8   0x080039a8   0x000001a4   Code   RO         1861    .text.LCD_Init      lcd.o
    0x08003b4c   0x08003b4c   0x00000004   PAD
    0x08003b50   0x08003b50   0x00000152   Code   RO         1847    .text.LCD_ShowChar  lcd.o
    0x08003ca2   0x08003ca2   0x00000006   PAD
    0x08003ca8   0x08003ca8   0x00000044   Code   RO         1849    .text.LCD_ShowString  lcd.o
    0x08003cec   0x08003cec   0x00000004   PAD
    0x08003cf0   0x08003cf0   0x00000012   Code   RO         1821    .text.LCD_WR_DATA   lcd.o
    0x08003d02   0x08003d02   0x00000006   PAD
    0x08003d08   0x08003d08   0x00000008   Code   RO         1819    .text.LCD_WR_DATA8  lcd.o
    0x08003d10   0x08003d10   0x0000002c   Code   RO         1823    .text.LCD_WR_REG    lcd.o
    0x08003d3c   0x08003d3c   0x00000004   PAD
    0x08003d40   0x08003d40   0x00000042   Code   RO         1817    .text.LCD_Writ_Bus  lcd.o
    0x08003d82   0x08003d82   0x00000006   PAD
    0x08003d88   0x08003d88   0x00000042   Code   RO         1879    .text.MWRegisterMotor  mwmotor.o
    0x08003dca   0x08003dca   0x00000006   PAD
    0x08003dd0   0x08003dd0   0x00000044   Code   RO         1891    .text.MWSetAxisState  mwmotor.o
    0x08003e14   0x08003e14   0x00000004   PAD
    0x08003e18   0x08003e18   0x0000004a   Code   RO         1895    .text.MWSetControllerMode  mwmotor.o
    0x08003e62   0x08003e62   0x00000006   PAD
    0x08003e68   0x08003e68   0x00000042   Code   RO         1901    .text.MWTorqueControl  mwmotor.o
    0x08003eaa   0x08003eaa   0x00000006   PAD
    0x08003eb0   0x08003eb0   0x00000066   Code   RO           60    .text.MX_FDCAN1_Init  fdcan.o
    0x08003f16   0x08003f16   0x00000002   PAD
    0x08003f18   0x08003f18   0x00000072   Code   RO           62    .text.MX_FDCAN2_Init  fdcan.o
    0x08003f8a   0x08003f8a   0x00000006   PAD
    0x08003f90   0x08003f90   0x00000186   Code   RO           51    .text.MX_GPIO_Init  gpio.o
    0x08004116   0x08004116   0x00000002   PAD
    0x08004118   0x08004118   0x00000064   Code   RO           80    .text.MX_SPI1_Init  spi.o
    0x0800417c   0x0800417c   0x00000004   PAD
    0x08004180   0x08004180   0x00000062   Code   RO           95    .text.MX_TIM6_Init  tim.o
    0x080041e2   0x080041e2   0x00000006   PAD
    0x080041e8   0x080041e8   0x00000002   Code   RO          114    .text.MemManage_Handler  stm32h7xx_it.o
    0x080041ea   0x080041ea   0x00000006   PAD
    0x080041f0   0x080041f0   0x00000002   Code   RO          110    .text.NMI_Handler   stm32h7xx_it.o
    0x080041f2   0x080041f2   0x00000006   PAD
    0x080041f8   0x080041f8   0x0000002e   Code   RO          159    .text.NVIC_EncodePriority  stm32h7xx_hal_cortex.o
    0x08004226   0x08004226   0x00000002   PAD
    0x08004228   0x08004228   0x00000002   Code   RO          124    .text.PendSV_Handler  stm32h7xx_it.o
    0x0800422a   0x0800422a   0x00000006   PAD
    0x08004230   0x08004230   0x0000011e   Code   RO          265    .text.RCCEx_PLL2_Config  stm32h7xx_hal_rcc_ex.o
    0x0800434e   0x0800434e   0x00000002   PAD
    0x08004350   0x08004350   0x0000011e   Code   RO          267    .text.RCCEx_PLL3_Config  stm32h7xx_hal_rcc_ex.o
    0x0800446e   0x0800446e   0x00000002   PAD
    0x08004470   0x08004470   0x000000b6   Code   RO         1287    .text.SPI_CloseTransfer  stm32h7xx_hal_spi.o
    0x08004526   0x08004526   0x00000002   PAD
    0x08004528   0x08004528   0x00000012   Code   RO         1277    .text.SPI_GetPacketSize  stm32h7xx_hal_spi.o
    0x0800453a   0x0800453a   0x00000006   PAD
    0x08004540   0x08004540   0x0000002e   Code   RO         1289    .text.SPI_WaitOnFlagUntilTimeout  stm32h7xx_hal_spi.o
    0x0800456e   0x0800456e   0x00000002   PAD
    0x08004570   0x08004570   0x00000002   Code   RO          120    .text.SVC_Handler   stm32h7xx_it.o
    0x08004572   0x08004572   0x00000006   PAD
    0x08004578   0x08004578   0x0000002e   Code   RO          175    .text.SysTick_Config  stm32h7xx_hal_cortex.o
    0x080045a6   0x080045a6   0x00000002   PAD
    0x080045a8   0x080045a8   0x00000008   Code   RO          126    .text.SysTick_Handler  stm32h7xx_it.o
    0x080045b0   0x080045b0   0x000000a6   Code   RO           21    .text.SystemClock_Config  main.o
    0x08004656   0x08004656   0x00000002   PAD
    0x08004658   0x08004658   0x000000b0   Code   RO         1751    .text.SystemInit    system_stm32h7xx.o
    0x08004708   0x08004708   0x00000010   Code   RO          132    .text.TIM6_DAC_IRQHandler  stm32h7xx_it.o
    0x08004718   0x08004718   0x00000162   Code   RO         1401    .text.TIM_Base_SetConfig  stm32h7xx_hal_tim.o
    0x0800487a   0x0800487a   0x00000006   PAD
    0x08004880   0x08004880   0x00000002   Code   RO          118    .text.UsageFault_Handler  stm32h7xx_it.o
    0x08004882   0x08004882   0x00000006   PAD
    0x08004888   0x08004888   0x00000020   Code   RO          163    .text.__NVIC_EnableIRQ  stm32h7xx_hal_cortex.o
    0x080048a8   0x080048a8   0x00000010   Code   RO          155    .text.__NVIC_GetPriorityGrouping  stm32h7xx_hal_cortex.o
    0x080048b8   0x080048b8   0x00000022   Code   RO          157    .text.__NVIC_SetPriority  stm32h7xx_hal_cortex.o
    0x080048da   0x080048da   0x00000006   PAD
    0x080048e0   0x080048e0   0x00000020   Code   RO          151    .text.__NVIC_SetPriorityGrouping  stm32h7xx_hal_cortex.o
    0x08004900   0x08004900   0x0000001c   Code   RO         1962    .text.convertFloatToString  decoder.o
    0x0800491c   0x0800491c   0x00000004   PAD
    0x08004920   0x08004920   0x00000004   Code   RO         1958    .text.convertUint8ArrayToUint32  decoder.o
    0x08004924   0x08004924   0x00000004   PAD
    0x08004928   0x08004928   0x00000084   Code   RO         1960    .text.getFloat      decoder.o
    0x080049ac   0x080049ac   0x00000004   PAD
    0x080049b0   0x080049b0   0x00000002   Code   RO           15    .text.leftMotorNotice  main.o
    0x080049b2   0x080049b2   0x00000006   PAD
    0x080049b8   0x080049b8   0x0000001a   Code   RO           11    .text.leftMotorSet  main.o
    0x080049d2   0x080049d2   0x00000006   PAD
    0x080049d8   0x080049d8   0x0000022c   Code   RO           19    .text.main          main.o
    0x08004c04   0x08004c04   0x00000004   PAD
    0x08004c08   0x08004c08   0x00000002   Code   RO           17    .text.rightMotorNotice  main.o
    0x08004c0a   0x08004c0a   0x00000006   PAD
    0x08004c10   0x08004c10   0x0000001a   Code   RO           13    .text.rightMotorSet  main.o
    0x08004c2a   0x08004c2a   0x00000006   PAD
    0x08004c30   0x08004c30   0x00000042   Code   RO         1784    .text.update_RXFIFO_Status  bsp_fdcan.o
    0x08004c72   0x08004c72   0x00000006   PAD
    0x08004c78   0x08004c78   0x00000038   Code   RO         1766    .text.user_Assert   bsp.o
    0x08004cb0   0x08004cb0   0x00000020   Code   RO         2229    i.__0printf         mc_w.l(printfa.o)
    0x08004cd0   0x08004cd0   0x00000028   Code   RO         2231    i.__0sprintf        mc_w.l(printfa.o)
    0x08004cf8   0x08004cf8   0x00000026   Code   RO         2257    i.__ARM_fpclassifyf  m_wv.l(fpclassifyf.o)
    0x08004d1e   0x08004d1e   0x00000002   PAD
    0x08004d20   0x08004d20   0x000001c8   Code   RO         1971    i.__hardfp_exp2f    m_wv.l(exp2f.o)
    0x08004ee8   0x08004ee8   0x0000008e   Code   RO         1978    i.__hardfp_ldexpf   m_wv.l(ldexpf.o)
    0x08004f76   0x08004f76   0x00000002   PAD
    0x08004f78   0x08004f78   0x00000664   Code   RO         1984    i.__hardfp_powf     m_wv.l(powf.o)
    0x080055dc   0x080055dc   0x00000014   Code   RO         2259    i.__mathlib_flt_divzero  m_wv.l(funder.o)
    0x080055f0   0x080055f0   0x00000006   Code   RO         2260    i.__mathlib_flt_infnan  m_wv.l(funder.o)
    0x080055f6   0x080055f6   0x00000006   Code   RO         2261    i.__mathlib_flt_infnan2  m_wv.l(funder.o)
    0x080055fc   0x080055fc   0x00000010   Code   RO         2262    i.__mathlib_flt_invalid  m_wv.l(funder.o)
    0x0800560c   0x0800560c   0x00000010   Code   RO         2263    i.__mathlib_flt_overflow  m_wv.l(funder.o)
    0x0800561c   0x0800561c   0x00000010   Code   RO         2265    i.__mathlib_flt_underflow  m_wv.l(funder.o)
    0x0800562c   0x0800562c   0x0000000e   Code   RO         2341    i.__scatterload_copy  mc_w.l(handlers.o)
    0x0800563a   0x0800563a   0x00000002   Code   RO         2342    i.__scatterload_null  mc_w.l(handlers.o)
    0x0800563c   0x0800563c   0x0000000e   Code   RO         2343    i.__scatterload_zeroinit  mc_w.l(handlers.o)
    0x0800564a   0x0800564a   0x00000002   PAD
    0x0800564c   0x0800564c   0x0000000c   Code   RO         2307    i.__set_errno       mc_w.l(errno.o)
    0x08005658   0x08005658   0x00000184   Code   RO         2236    i._fp_digits        mc_w.l(printfa.o)
    0x080057dc   0x080057dc   0x000006dc   Code   RO         2237    i._printf_core      mc_w.l(printfa.o)
    0x08005eb8   0x08005eb8   0x00000024   Code   RO         2238    i._printf_post_padding  mc_w.l(printfa.o)
    0x08005edc   0x08005edc   0x0000002e   Code   RO         2239    i._printf_pre_padding  mc_w.l(printfa.o)
    0x08005f0a   0x08005f0a   0x0000000a   Code   RO         2241    i._sputc            mc_w.l(printfa.o)
    0x08005f14   0x08005f14   0x00000012   Code   RO         2287    i.fputc             mc_w.l(fputc.o)
    0x08005f26   0x08005f26   0x00000002   PAD
    0x08005f28   0x08005f28   0x00000030   Data   RO         1974    .constdata          m_wv.l(exp2f.o)
    0x08005f58   0x08005f58   0x00000140   Data   RO         1987    .constdata          m_wv.l(powf.o)
    0x08006098   0x08006098   0x0000004c   Data   RO         1265    .rodata..L__const.HAL_FDCAN_Init.CvtEltSize  stm32h7xx_hal_fdcan.o
    0x080060e4   0x080060e4   0x00000010   Data   RO         1757    .rodata.D1CorePrescTable  system_stm32h7xx.o
    0x080060f4   0x080060f4   0x00000474   Data   RO         1863    .rodata.ascii_1206  lcd.o
    0x08006568   0x08006568   0x000005f0   Data   RO         1864    .rodata.ascii_1608  lcd.o
    0x08006b58   0x08006b58   0x000011d0   Data   RO         1865    .rodata.ascii_2412  lcd.o
    0x08007d28   0x08007d28   0x000017c0   Data   RO         1866    .rodata.ascii_3216  lcd.o
    0x080094e8   0x080094e8   0x00000010   Data   RO         1266    .rodata.cst16       stm32h7xx_hal_fdcan.o
    0x080094f8   0x080094f8   0x0000002d   Data   RO         1768    .rodata.str1.1      bsp.o
    0x08009525   0x08009525   0x00000013   Data   RO         1803    .rodata.str1.1      bsp_fdcan.o
    0x08009538   0x08009538   0x00000020   Data   RO         2340    Region$$Table       anon$$obj.o


    Execution Region RW_IRAM1 (Exec base: 0x20000000, Load base: 0x08009558, Size: 0x00001100, Max: 0x00020000, ABSOLUTE)

    Exec Addr    Load Addr    Size         Type   Attr      Idx    E Section Name        Object

    0x20000000   0x08009558   0x00000004   Data   RW         2291    .data               mc_w.l(stdout.o)
    0x20000004   0x0800955c   0x00000004   Data   RW         2308    .data               mc_w.l(errno.o)
    0x20000008   0x08009560   0x00000004   Data   RW         1755    .data.SystemCoreClock  system_stm32h7xx.o
    0x2000000c   0x08009564   0x00000004   Data   RW         1756    .data.SystemD2Clock  system_stm32h7xx.o
    0x20000010   0x08009568   0x0000002c   Data   RW         1800    .data.fdcan1        bsp_fdcan.o
    0x2000003c   0x08009594   0x0000002c   Data   RW         1801    .data.fdcan2        bsp_fdcan.o
    0x20000068   0x080095c0   0x00000010   Data   RW           29    .data.leftMotor     main.o
    0x20000078   0x080095d0   0x00000010   Data   RW           31    .data.rightMotor    main.o
    0x20000088   0x080095e0   0x00000001   Data   RW          839    .data.uwTickFreq    stm32h7xx_hal.o
    0x20000089   0x080095e1   0x00000003   PAD
    0x2000008c   0x080095e4   0x00000004   Data   RW          838    .data.uwTickPrio    stm32h7xx_hal.o
    0x20000090        -       0x00000004   Zero   RW           70    .bss.HAL_RCC_FDCAN_CLK_ENABLED  fdcan.o
    0x20000094        -       0x000000a0   Zero   RW           68    .bss.hfdcan1        fdcan.o
    0x20000134        -       0x00000028   Zero   RW         1807    .bss.hfdcan1_RX     bsp_fdcan.o
    0x2000015c        -       0x00000020   Zero   RW         1802    .bss.hfdcan1_RX_Filter0  bsp_fdcan.o
    0x2000017c        -       0x00000024   Zero   RW         1805    .bss.hfdcan1_TX     bsp_fdcan.o
    0x200001a0        -       0x000000a0   Zero   RW           69    .bss.hfdcan2        fdcan.o
    0x20000240        -       0x00000028   Zero   RW         1808    .bss.hfdcan2_RX     bsp_fdcan.o
    0x20000268        -       0x00000020   Zero   RW         1804    .bss.hfdcan2_RX_Filter0  bsp_fdcan.o
    0x20000288        -       0x00000024   Zero   RW         1806    .bss.hfdcan2_TX     bsp_fdcan.o
    0x200002ac        -       0x00000088   Zero   RW           86    .bss.hspi1          spi.o
    0x20000334        -       0x0000004c   Zero   RW          101    .bss.htim6          tim.o
    0x20000380        -       0x000000a0   Zero   RW           28    .bss.leftMotorData  main.o
    0x20000420        -       0x00000008   Zero   RW           36    .bss.leftMotorRxData  main.o
    0x20000428        -       0x00000004   Zero   RW           37    .bss.leftMotorTorqueFeedback  main.o
    0x2000042c        -       0x0000000a   Zero   RW           33    .bss.leftMotorTorqueFeedbackString  main.o
    0x20000436   0x080095e8   0x00000002   PAD
    0x20000438        -       0x00000004   Zero   RW           32    .bss.leftMotorTorqueFeedbackValue  main.o
    0x2000043c        -       0x00000800   Zero   RW         1949    .bss.motors         mwmotor.o
    0x20000c3c   0x080095e8   0x00000004   PAD
    0x20000c40        -       0x000000a0   Zero   RW           30    .bss.rightMotorData  main.o
    0x20000ce0        -       0x00000008   Zero   RW           38    .bss.rightMotorRxData  main.o
    0x20000ce8        -       0x00000004   Zero   RW           39    .bss.rightMotorTorqueFeedback  main.o
    0x20000cec        -       0x0000000a   Zero   RW           35    .bss.rightMotorTorqueFeedbackString  main.o
    0x20000cf6   0x080095e8   0x00000002   PAD
    0x20000cf8        -       0x00000004   Zero   RW           34    .bss.rightMotorTorqueFeedbackValue  main.o
    0x20000cfc        -       0x00000004   Zero   RW          840    .bss.uwTick         stm32h7xx_hal.o
    0x20000d00        -       0x00000400   Zero   RW            1    STACK               startup_stm32h723xx.o


==============================================================================

Image component sizes


      Code (inc. data)   RO Data    RW Data    ZI Data      Debug   Object Name

        56          0         45          0          0        613   bsp.o
       954          0         19         88        216       8579   bsp_fdcan.o
       164         16          0          0          0       1761   decoder.o
       524          0          0          0        324      11551   fdcan.o
       390          0          0          0          0       3301   gpio.o
      1126          6      13300          0          0      16632   lcd.o
       972         40          0         32        372      13307   main.o
       274          0          0          0       2048      16374   mwmotor.o
       324          0          0          0        136       8323   spi.o
        36          8        716          0       1024        812   startup_stm32h723xx.o
       262          0          0          5          4      16167   stm32h7xx_hal.o
       260          0          0          0          0      13161   stm32h7xx_hal_cortex.o
      2848          0         92          0          0      41460   stm32h7xx_hal_fdcan.o
       426          0          0          0          0       7199   stm32h7xx_hal_gpio.o
        32          0          0          0          0       2255   stm32h7xx_hal_msp.o
        72          0          0          0          0       9816   stm32h7xx_hal_pwr_ex.o
      2422         16          0          0          0      11293   stm32h7xx_hal_rcc.o
      3008         84          0          0          0      17548   stm32h7xx_hal_rcc_ex.o
      1218          0          0          0          0      21657   stm32h7xx_hal_spi.o
      1002          0          0          0          0      52192   stm32h7xx_hal_tim.o
       230          0          0          0          0      23825   stm32h7xx_hal_tim_ex.o
        72          0          0          0          0       2605   stm32h7xx_it.o
       176          0         16          8          0       5400   system_stm32h7xx.o
       166          0          0          0         76       9461   tim.o

    ----------------------------------------------------------------------
     17484        182      14220        136       4208     315292   Object Totals
         0          0         32          0          0          0   (incl. Generated)
       470         12          0          3          8          0   (incl. Padding)

    ----------------------------------------------------------------------

      Code (inc. data)   RO Data    RW Data    ZI Data      Debug   Library Member Name

       456         50         48          0          0        208   exp2f.o
        38          0          0          0          0        116   fpclassifyf.o
        80         24          0          0          0        696   funder.o
       142          0          0          0          0        156   ldexpf.o
      1636        110        320          0          0        372   powf.o
         0          0          0          0          0          0   entry.o
         0          0          0          0          0          0   entry10a.o
         0          0          0          0          0          0   entry11a.o
         8          4          0          0          0          0   entry2.o
         4          0          0          0          0          0   entry5.o
         0          0          0          0          0          0   entry7b.o
         0          0          0          0          0          0   entry8b.o
         8          4          0          0          0          0   entry9a.o
        12          6          0          4          0         68   errno.o
        18          0          0          0          0         80   fputc.o
        30          0          0          0          0          0   handlers.o
        36          8          0          0          0         68   init.o
         0          0          0          0          0          0   iusefp.o
         0          0          0          0          0          0   iusesemip.o
        30          0          0          0          0         68   llshl.o
        36          0          0          0          0         68   llsshr.o
        32          0          0          0          0         68   llushr.o
        36          0          0          0          0        108   memseta.o
      2308         96          0          0          0        604   printfa.o
         0          0          0          0          0          0   semi.o
         0          0          0          4          0          0   stdout.o
        44          0          0          0          0         80   uidiv.o
        98          0          0          0          0         92   uldiv.o
        48          0          0          0          0         68   cdrcmple.o
       334          0          0          0          0        148   dadd.o
       222          0          0          0          0        100   ddiv.o
       186          0          0          0          0        176   depilogue.o
        48          0          0          0          0         68   dfixul.o
       228          0          0          0          0         96   dmul.o
         4          0          0          0          0         68   fpstat.o
        24          0          0          0          0         68   fscalb.o

    ----------------------------------------------------------------------
      6160        302        368          8          0       3644   Library Totals
        14          0          0          0          0          0   (incl. Padding)

    ----------------------------------------------------------------------

      Code (inc. data)   RO Data    RW Data    ZI Data      Debug   Library Name

      2352        184        368          0          0       1548   m_wv.l
      2700        118          0          8          0       1304   mc_w.l
      1094          0          0          0          0        792   mf_w.l

    ----------------------------------------------------------------------
      6160        302        368          8          0       3644   Library Totals

    ----------------------------------------------------------------------

==============================================================================


      Code (inc. data)   RO Data    RW Data    ZI Data      Debug   

     23644        484      14588        144       4208     316760   Grand Totals
     23644        484      14588        144       4208     316760   ELF Image Totals
     23644        484      14588        144          0          0   ROM Totals

==============================================================================

    Total RO  Size (Code + RO Data)                38232 (  37.34kB)
    Total RW  Size (RW Data + ZI Data)              4352 (   4.25kB)
    Total ROM Size (Code + RO Data + RW Data)      38376 (  37.48kB)

==============================================================================

